Archive member included to satisfy reference by file (symbol)

.\CortexM3\ARM_GCC_541\Debug\Design01.a(DAC.o)
                              .\CortexM3\ARM_GCC_541\Debug\main.o (DAC_SetValue)
.\CortexM3\ARM_GCC_541\Debug\Design01.a(USBUART.o)
                              .\CortexM3\ARM_GCC_541\Debug\main.o (USBUART_Start)
.\CortexM3\ARM_GCC_541\Debug\Design01.a(USBUART_cdc.o)
                              .\CortexM3\ARM_GCC_541\Debug\main.o (USBUART_CDC_Init)
.\CortexM3\ARM_GCC_541\Debug\Design01.a(USBUART_drv.o)
                              .\CortexM3\ARM_GCC_541\Debug\Design01.a(USBUART.o) (USBUART_lastPacketSize)
.\CortexM3\ARM_GCC_541\Debug\Design01.a(USBUART_episr.o)
                              .\CortexM3\ARM_GCC_541\Debug\Design01.a(USBUART.o) (USBUART_EP_1_ISR)
.\CortexM3\ARM_GCC_541\Debug\Design01.a(USBUART_pm.o)
                              .\CortexM3\ARM_GCC_541\Debug\Design01.a(USBUART.o) (USBUART_DP_ISR)
.\CortexM3\ARM_GCC_541\Debug\Design01.a(USBUART_std.o)
                              .\CortexM3\ARM_GCC_541\Debug\Design01.a(USBUART_pm.o) (USBUART_ConfigReg)
.\CortexM3\ARM_GCC_541\Debug\Design01.a(USBUART_vnd.o)
                              .\CortexM3\ARM_GCC_541\Debug\Design01.a(USBUART_drv.o) (USBUART_HandleVendorRqst)
.\CortexM3\ARM_GCC_541\Debug\Design01.a(USBUART_Dp.o)
                              .\CortexM3\ARM_GCC_541\Debug\Design01.a(USBUART.o) (USBUART_Dp_ClearInterrupt)
.\CortexM3\ARM_GCC_541\Debug\Design01.a(CyLib.o)
                              .\CortexM3\ARM_GCC_541\Debug\Cm3Start.o (CyHalt)
.\CortexM3\ARM_GCC_541\Debug\Design01.a(cyPm.o)
                              .\CortexM3\ARM_GCC_541\Debug\Design01.a(CyLib.o) (CyPmReadStatus)
.\CortexM3\ARM_GCC_541\Debug\Design01.a(CyBootAsmGnu.o)
                              .\CortexM3\ARM_GCC_541\Debug\cyfitter_cfg.o (CyDelayCycles)
.\CortexM3\ARM_GCC_541\Debug\Design01.a(USBUART_cls.o)
                              .\CortexM3\ARM_GCC_541\Debug\Design01.a(USBUART_drv.o) (USBUART_DispatchClassRqst)
.\CortexM3\ARM_GCC_541\Debug\Design01.a(USBUART_descr.o)
                              .\CortexM3\ARM_GCC_541\Debug\Design01.a(USBUART_std.o) (USBUART_idSerialNumberStringDescriptor)
.\CortexM3\ARM_GCC_541\Debug\Design01.a(CyFlash.o)
                              .\CortexM3\ARM_GCC_541\Debug\Design01.a(cyPm.o) (CyFlash_SetWaitCycles)
.\CortexM3\ARM_GCC_541\Debug\Design01.a(CySpc.o)
                              .\CortexM3\ARM_GCC_541\Debug\Design01.a(CyFlash.o) (CySpcStart)
d:/ece software files/embededd lab/psoc creator/4.4/psoc creator/import/gnu/arm/5.4.1/bin/../lib/gcc/arm-none-eabi/5.4.1/../../../../arm-none-eabi/lib/armv7-m\libm.a(lib_a-wf_fmod.o)
                              .\CortexM3\ARM_GCC_541\Debug\main.o (fmodf)
d:/ece software files/embededd lab/psoc creator/4.4/psoc creator/import/gnu/arm/5.4.1/bin/../lib/gcc/arm-none-eabi/5.4.1/../../../../arm-none-eabi/lib/armv7-m\libm.a(lib_a-ef_fmod.o)
                              d:/ece software files/embededd lab/psoc creator/4.4/psoc creator/import/gnu/arm/5.4.1/bin/../lib/gcc/arm-none-eabi/5.4.1/../../../../arm-none-eabi/lib/armv7-m\libm.a(lib_a-wf_fmod.o) (__ieee754_fmodf)
d:/ece software files/embededd lab/psoc creator/4.4/psoc creator/import/gnu/arm/5.4.1/bin/../lib/gcc/arm-none-eabi/5.4.1/../../../../arm-none-eabi/lib/armv7-m\libm.a(lib_a-s_lib_ver.o)
                              d:/ece software files/embededd lab/psoc creator/4.4/psoc creator/import/gnu/arm/5.4.1/bin/../lib/gcc/arm-none-eabi/5.4.1/../../../../arm-none-eabi/lib/armv7-m\libm.a(lib_a-wf_fmod.o) (__fdlib_version)
d:/ece software files/embededd lab/psoc creator/4.4/psoc creator/import/gnu/arm/5.4.1/bin/../lib/gcc/arm-none-eabi/5.4.1/../../../../arm-none-eabi/lib/armv7-m\libm.a(lib_a-s_matherr.o)
                              d:/ece software files/embededd lab/psoc creator/4.4/psoc creator/import/gnu/arm/5.4.1/bin/../lib/gcc/arm-none-eabi/5.4.1/../../../../arm-none-eabi/lib/armv7-m\libm.a(lib_a-wf_fmod.o) (matherr)
d:/ece software files/embededd lab/psoc creator/4.4/psoc creator/import/gnu/arm/5.4.1/bin/../lib/gcc/arm-none-eabi/5.4.1/armv7-m\libgcc.a(_arm_addsubdf3.o)
                              d:/ece software files/embededd lab/psoc creator/4.4/psoc creator/import/gnu/arm/5.4.1/bin/../lib/gcc/arm-none-eabi/5.4.1/../../../../arm-none-eabi/lib/armv7-m\libm.a(lib_a-wf_fmod.o) (__aeabi_f2d)
d:/ece software files/embededd lab/psoc creator/4.4/psoc creator/import/gnu/arm/5.4.1/bin/../lib/gcc/arm-none-eabi/5.4.1/armv7-m\libgcc.a(_arm_muldivdf3.o)
                              d:/ece software files/embededd lab/psoc creator/4.4/psoc creator/import/gnu/arm/5.4.1/bin/../lib/gcc/arm-none-eabi/5.4.1/../../../../arm-none-eabi/lib/armv7-m\libm.a(lib_a-wf_fmod.o) (__aeabi_ddiv)
d:/ece software files/embededd lab/psoc creator/4.4/psoc creator/import/gnu/arm/5.4.1/bin/../lib/gcc/arm-none-eabi/5.4.1/armv7-m\libgcc.a(_arm_truncdfsf2.o)
[...]
Memory Configuration

Name             Origin             Length             Attributes
rom              0x00000000         0x00040000         xr
ram              0x1fff8000         0x00010000         xrw
*default*        0x00000000         0xffffffff

Linker script and memory map

LOAD d:/ece software files/embededd lab/psoc creator/4.4/psoc creator/import/gnu/arm/5.4.1/bin/../lib/gcc/arm-none-eabi/5.4.1/armv7-m/crti.o
LOAD d:/ece software files/embededd lab/psoc creator/4.4/psoc creator/import/gnu/arm/5.4.1/bin/../lib/gcc/arm-none-eabi/5.4.1/armv7-m/crtbegin.o
LOAD d:/ece software files/embededd lab/psoc creator/4.4/psoc creator/import/gnu/arm/5.4.1/bin/../lib/gcc/arm-none-eabi/5.4.1/../../../../arm-none-eabi/lib/armv7-m/crt0.o
START GROUP
LOAD .\CortexM3\ARM_GCC_541\Debug\main.o
LOAD .\CortexM3\ARM_GCC_541\Debug\cyfitter_cfg.o
LOAD .\CortexM3\ARM_GCC_541\Debug\cymetadata.o
LOAD .\CortexM3\ARM_GCC_541\Debug\Cm3Start.o
LOAD .\CortexM3\ARM_GCC_541\Debug\Design01.a
LOAD D:\ECE software files\Embededd lab\PSoC Creator\4.4\PSoC Creator\psoc\content\cycomponentlibrary\CyComponentLibrary.cylib\CortexM3\ARM_GCC_541\Debug\CyComponentLibrary.a
LOAD d:/ece software files/embededd lab/psoc creator/4.4/psoc creator/import/gnu/arm/5.4.1/bin/../lib/gcc/arm-none-eabi/5.4.1/../../../../arm-none-eabi/lib/armv7-m\libm.a
END GROUP
START GROUP
LOAD d:/ece software files/embededd lab/psoc creator/4.4/psoc creator/import/gnu/arm/5.4.1/bin/../lib/gcc/arm-none-eabi/5.4.1/armv7-m\libgcc.a
LOAD d:/ece software files/embededd lab/psoc creator/4.4/psoc creator/import/gnu/arm/5.4.1/bin/../lib/gcc/arm-none-eabi/5.4.1/../../../../arm-none-eabi/lib/armv7-m\libg_nano.a
LOAD d:/ece software files/embededd lab/psoc creator/4.4/psoc creator/import/gnu/arm/5.4.1/bin/../lib/gcc/arm-none-eabi/5.4.1/../../../../arm-none-eabi/lib/armv7-m\libc_nano.a
END GROUP
START GROUP
LOAD d:/ece software files/embededd lab/psoc creator/4.4/psoc creator/import/gnu/arm/5.4.1/bin/../lib/gcc/arm-none-eabi/5.4.1/armv7-m\libgcc.a
LOAD d:/ece software files/embededd lab/psoc creator/4.4/psoc creator/import/gnu/arm/5.4.1/bin/../lib/gcc/arm-none-eabi/5.4.1/../../../../arm-none-eabi/lib/armv7-m\libc_nano.a
END GROUP
LOAD d:/ece software files/embededd lab/psoc creator/4.4/psoc creator/import/gnu/arm/5.4.1/bin/../lib/gcc/arm-none-eabi/5.4.1/armv7-m/crtend.o
LOAD d:/ece software files/embededd lab/psoc creator/4.4/psoc creator/import/gnu/arm/5.4.1/bin/../lib/gcc/arm-none-eabi/5.4.1/armv7-m/crtn.o
START GROUP
LOAD d:/ece software files/embededd lab/psoc creator/4.4/psoc creator/import/gnu/arm/5.4.1/bin/../lib/gcc/arm-none-eabi/5.4.1/armv7-m\libgcc.a
LOAD d:/ece software files/embededd lab/psoc creator/4.4/psoc creator/import/gnu/arm/5.4.1/bin/../lib/gcc/arm-none-eabi/5.4.1/../../../../arm-none-eabi/lib/armv7-m\libc.a
LOAD d:/ece software files/embededd lab/psoc creator/4.4/psoc creator/import/gnu/arm/5.4.1/bin/../lib/gcc/arm-none-eabi/5.4.1/../../../../arm-none-eabi/lib/armv7-m\libnosys.a
END GROUP
                0x00000000                CY_APPL_ORIGIN = 0x0
                0x00000100                CY_FLASH_ROW_SIZE = 0x100
                0x00000020                CY_ECC_ROW_SIZE = 0x20
                0x00000000                CY_EE_IN_BTLDR = 0x0
                0x00000000                CY_APPL_LOADABLE = 0x0
                0x00000800                CY_EE_SIZE = 0x800
                0x00000001                CY_APPL_NUM = 0x1
                0x00000001                CY_APPL_MAX = 0x1
                0x00000040                CY_METADATA_SIZE = 0x40
                0x00000000                CY_APPL_LOADABLE = 0x0
                0x00000000                CY_CHECKSUM_EXCLUDE_SIZE = ALIGN (0x0, CY_FLASH_ROW_SIZE)
                [!provide]                PROVIDE (__cy_heap_start, _end)
                0x00000001                PROVIDE (__cy_region_num, ((__cy_regions_end - __cy_regions) / 0x10))
                0x20008000                PROVIDE (__cy_stack, (ORIGIN (ram) + LENGTH (ram)))
                [!provide]                PROVIDE (__cy_heap_end, (__cy_stack - 0x800))

.cybootloader   0x00000000        0x0
 *(.cybootloader)
                0x00000000                appl1_start = CY_APPL_ORIGIN?CY_APPL_ORIGIN:ALIGN (CY_FLASH_ROW_SIZE)
                0x0001ff00                appl2_start = (appl1_start + ALIGN ((((LENGTH (rom) - appl1_start) - (0x2 * CY_FLASH_ROW_SIZE)) / 0x2), CY_FLASH_ROW_SIZE))
                0x00000000                appl_start = (CY_APPL_NUM == 0x1)?appl1_start:appl2_start
                0x00000000                ecc_offset = ((appl_start / CY_FLASH_ROW_SIZE) * CY_ECC_ROW_SIZE)
                0x00000000                ee_offset = (CY_APPL_LOADABLE && ! (CY_EE_IN_BTLDR))?((CY_EE_SIZE / CY_APPL_MAX) * (CY_APPL_NUM - 0x1)):0x0
                0x00000800                ee_size = (CY_APPL_LOADABLE && ! (CY_EE_IN_BTLDR))?(CY_EE_SIZE / CY_APPL_MAX):CY_EE_SIZE
                [!provide]                PROVIDE (CY_ECC_OFFSET, ecc_offset)

.text           0x00000000     0x48c4
 CREATE_OBJECT_SYMBOLS
                0x00000000                PROVIDE (__cy_interrupt_vector, RomVectors)
 *(.romvectors)
 .romvectors    0x00000000       0x10 .\CortexM3\ARM_GCC_541\Debug\Cm3Start.o
                0x00000000                RomVectors
                0x00000001                ASSERT ((. != __cy_interrupt_vector), No interrupt vector)
                0x00000001                ASSERT (CY_APPL_ORIGIN?(SIZEOF (.cybootloader) <= CY_APPL_ORIGIN):0x1, Wrong image location)
                0x00000010                PROVIDE (__cy_reset, Reset)
 *(.text.Reset)
 .text.Reset    0x00000010       0x18 .\CortexM3\ARM_GCC_541\Debug\Cm3Start.o
                0x00000010                Reset
                0x00000001                ASSERT ((. != __cy_reset), No reset code)
 *(.dma_init)
                0x00000001                ASSERT ((((appl_start + .) <= 0x10000) || 0x1), DMA Init must be within the first 64k of flash)
 *(.text .text.* .gnu.linkonce.t.*)
 .text          0x00000028       0x5c d:/ece software files/embededd lab/psoc creator/4.4/psoc creator/import/gnu/arm/5.4.1/bin/../lib/gcc/arm-none-eabi/5.4.1/armv7-m/crtbegin.o
 .text.cordic_sin_cos
                0x00000084      0x160 .\CortexM3\ARM_GCC_541\Debug\main.o
                0x00000084                cordic_sin_cos
 .text.generate_sample
                0x000001e4      0x170 .\CortexM3\ARM_GCC_541\Debug\main.o
                0x000001e4                generate_sample
 .text.main     0x00000354       0xec .\CortexM3\ARM_GCC_541\Debug\main.o
                0x00000354                main
 .text.CyClockStartupError
                0x00000440        0x4 .\CortexM3\ARM_GCC_541\Debug\cyfitter_cfg.o
 .text.cfg_write_bytes32
                0x00000444       0x34 .\CortexM3\ARM_GCC_541\Debug\cyfitter_cfg.o
 .text.AnalogSetDefault
                0x00000478       0x38 .\CortexM3\ARM_GCC_541\Debug\cyfitter_cfg.o
 .text.CYMEMZERO
                0x000004b0        0xc .\CortexM3\ARM_GCC_541\Debug\cyfitter_cfg.o
 .text.ClockSetup
                0x000004bc       0xa0 .\CortexM3\ARM_GCC_541\Debug\cyfitter_cfg.o
 .text.CYCONFIGCPY
                0x0000055c        0x8 .\CortexM3\ARM_GCC_541\Debug\cyfitter_cfg.o
 .text.cyfitter_cfg
                0x00000564       0xcc .\CortexM3\ARM_GCC_541\Debug\cyfitter_cfg.o
                0x00000564                cyfitter_cfg
 .text.IntDefaultHandler
                0x00000630       0x10 .\CortexM3\ARM_GCC_541\Debug\Cm3Start.o
                0x00000630                IntDefaultHandler
 .text._sbrk    0x00000640       0x30 .\CortexM3\ARM_GCC_541\Debug\Cm3Start.o
                0x00000640                _sbrk
 .text.Start_c  0x00000670       0x4c .\CortexM3\ARM_GCC_541\Debug\Cm3Start.o
                0x00000670                Start_c
 .text.initialize_psoc
                0x000006bc       0x68 .\CortexM3\ARM_GCC_541\Debug\Cm3Start.o
                0x000006bc                initialize_psoc
 .text.DAC_Enable
                0x00000724       0x1c .\CortexM3\ARM_GCC_541\Debug\Design01.a(DAC.o)
                0x00000724                DAC_Enable
 .text.DAC_SetSpeed
                0x00000740       0x1c .\CortexM3\ARM_GCC_541\Debug\Design01.a(DAC.o)
                0x00000740                DAC_SetSpeed
 .text.DAC_SetValue
                0x0000075c        0xc .\CortexM3\ARM_GCC_541\Debug\Design01.a(DAC.o)
                0x0000075c                DAC_SetValue
 .text.DAC_DacTrim
                0x00000768       0x24 .\CortexM3\ARM_GCC_541\Debug\Design01.a(DAC.o)
                0x00000768                DAC_DacTrim
 .text.DAC_SetRange
                0x0000078c       0x20 .\CortexM3\ARM_GCC_541\Debug\Design01.a(DAC.o)
                0x0000078c                DAC_SetRange
 .text.DAC_Init
                0x000007ac       0x20 .\CortexM3\ARM_GCC_541\Debug\Design01.a(DAC.o)
                0x000007ac                DAC_Init
 .text.DAC_Start
                0x000007cc       0x24 .\CortexM3\ARM_GCC_541\Debug\Design01.a(DAC.o)
                0x000007cc                DAC_Start
 .text.USBUART_Init
                0x000007f0      0x140 .\CortexM3\ARM_GCC_541\Debug\Design01.a(USBUART.o)
                0x000007f0                USBUART_Init
 .text.USBUART_InitComponent
                0x00000930       0xb8 .\CortexM3\ARM_GCC_541\Debug\Design01.a(USBUART.o)
                0x00000930                USBUART_InitComponent
 .text.USBUART_Start
                0x000009e8       0x24 .\CortexM3\ARM_GCC_541\Debug\Design01.a(USBUART.o)
                0x000009e8                USBUART_Start
 .text.USBUART_ReInitComponent
                0x00000a0c       0x4c .\CortexM3\ARM_GCC_541\Debug\Design01.a(USBUART.o)
                0x00000a0c                USBUART_ReInitComponent
 .text.USBUART_GetConfiguration
                0x00000a58        0xc .\CortexM3\ARM_GCC_541\Debug\Design01.a(USBUART.o)
                0x00000a58                USBUART_GetConfiguration
 .text.USBUART_GetEPState
                0x00000a64       0x14 .\CortexM3\ARM_GCC_541\Debug\Design01.a(USBUART.o)
                0x00000a64                USBUART_GetEPState
 .text.USBUART_GetEPCount
                0x00000a78       0x28 .\CortexM3\ARM_GCC_541\Debug\Design01.a(USBUART.o)
                0x00000a78                USBUART_GetEPCount
 .text.USBUART_EnableOutEP
                0x00000aa0       0x2c .\CortexM3\ARM_GCC_541\Debug\Design01.a(USBUART.o)
                0x00000aa0                USBUART_EnableOutEP
 .text.USBUART_ReadOutEP
                0x00000acc       0x50 .\CortexM3\ARM_GCC_541\Debug\Design01.a(USBUART.o)
                0x00000acc                USBUART_ReadOutEP
 .text.USBUART_GetInterfaceComPort
                0x00000b1c       0x38 .\CortexM3\ARM_GCC_541\Debug\Design01.a(USBUART_cdc.o)
                0x00000b1c                USBUART_GetInterfaceComPort
 .text.USBUART_DispatchCDCClassRqst
                0x00000b54       0x98 .\CortexM3\ARM_GCC_541\Debug\Design01.a(USBUART_cdc.o)
                0x00000b54                USBUART_DispatchCDCClassRqst
 .text.USBUART_CDC_Init
                0x00000bec       0x98 .\CortexM3\ARM_GCC_541\Debug\Design01.a(USBUART_cdc.o)
                0x00000bec                USBUART_CDC_Init
 .text.USBUART_DataIsReady
                0x00000c84       0x18 .\CortexM3\ARM_GCC_541\Debug\Design01.a(USBUART_cdc.o)
                0x00000c84                USBUART_DataIsReady
 .text.USBUART_GetAll
                0x00000c9c       0x30 .\CortexM3\ARM_GCC_541\Debug\Design01.a(USBUART_cdc.o)
                0x00000c9c                USBUART_GetAll
 .text.USBUART_Cdc_EpInit
                0x00000ccc       0x50 .\CortexM3\ARM_GCC_541\Debug\Design01.a(USBUART_cdc.o)
                0x00000ccc                USBUART_Cdc_EpInit
 .text.USBUART_LoadEP0
                0x00000d1c       0x98 .\CortexM3\ARM_GCC_541\Debug\Design01.a(USBUART_drv.o)
                0x00000d1c                USBUART_LoadEP0
 .text.USBUART_InitZeroLengthControlTransfer
                0x00000db4       0x34 .\CortexM3\ARM_GCC_541\Debug\Design01.a(USBUART_drv.o)
                0x00000db4                USBUART_InitZeroLengthControlTransfer
 .text.USBUART_ControlReadDataStage
                0x00000de8        0x8 .\CortexM3\ARM_GCC_541\Debug\Design01.a(USBUART_drv.o)
                0x00000de8                USBUART_ControlReadDataStage
 .text.USBUART_ControlWriteDataStage
                0x00000df0       0x84 .\CortexM3\ARM_GCC_541\Debug\Design01.a(USBUART_drv.o)
                0x00000df0                USBUART_ControlWriteDataStage
 .text.USBUART_InitNoDataControlTransfer
                0x00000e74       0x2c .\CortexM3\ARM_GCC_541\Debug\Design01.a(USBUART_drv.o)
                0x00000e74                USBUART_InitNoDataControlTransfer
 .text.USBUART_UpdateStatusBlock
                0x00000ea0       0x24 .\CortexM3\ARM_GCC_541\Debug\Design01.a(USBUART_drv.o)
                0x00000ea0                USBUART_UpdateStatusBlock
 .text.USBUART_HandleSetup
                0x00000ec4       0x5c .\CortexM3\ARM_GCC_541\Debug\Design01.a(USBUART_drv.o)
                0x00000ec4                USBUART_HandleSetup
 .text.USBUART_ControlReadStatusStage
                0x00000f20       0x38 .\CortexM3\ARM_GCC_541\Debug\Design01.a(USBUART_drv.o)
                0x00000f20                USBUART_ControlReadStatusStage
 .text.USBUART_HandleOUT
                0x00000f58       0x38 .\CortexM3\ARM_GCC_541\Debug\Design01.a(USBUART_drv.o)
                0x00000f58                USBUART_HandleOUT
 .text.USBUART_ControlWriteStatusStage
                0x00000f90       0x20 .\CortexM3\ARM_GCC_541\Debug\Design01.a(USBUART_drv.o)
                0x00000f90                USBUART_ControlWriteStatusStage
 .text.USBUART_NoDataControlStatusStage
                0x00000fb0       0x40 .\CortexM3\ARM_GCC_541\Debug\Design01.a(USBUART_drv.o)
                0x00000fb0                USBUART_NoDataControlStatusStage
 .text.USBUART_HandleIN
                0x00000ff0       0x2c .\CortexM3\ARM_GCC_541\Debug\Design01.a(USBUART_drv.o)
                0x00000ff0                USBUART_HandleIN
 .text.USBUART_EP_0_ISR
                0x0000101c       0xb8 .\CortexM3\ARM_GCC_541\Debug\Design01.a(USBUART_drv.o)
                0x0000101c                USBUART_EP_0_ISR
 .text.USBUART_InitializeStatusBlock
                0x000010d4       0x24 .\CortexM3\ARM_GCC_541\Debug\Design01.a(USBUART_drv.o)
                0x000010d4                USBUART_InitializeStatusBlock
 .text.USBUART_InitControlRead
                0x000010f8       0x50 .\CortexM3\ARM_GCC_541\Debug\Design01.a(USBUART_drv.o)
                0x000010f8                USBUART_InitControlRead
 .text.USBUART_InitControlWrite
                0x00001148       0x48 .\CortexM3\ARM_GCC_541\Debug\Design01.a(USBUART_drv.o)
                0x00001148                USBUART_InitControlWrite
 .text.USBUART_EP_1_ISR
                0x00001190       0x30 .\CortexM3\ARM_GCC_541\Debug\Design01.a(USBUART_episr.o)
                0x00001190                USBUART_EP_1_ISR
 .text.USBUART_EP_2_ISR
                0x000011c0       0x34 .\CortexM3\ARM_GCC_541\Debug\Design01.a(USBUART_episr.o)
                0x000011c0                USBUART_EP_2_ISR
 .text.USBUART_EP_3_ISR
                0x000011f4       0x3c .\CortexM3\ARM_GCC_541\Debug\Design01.a(USBUART_episr.o)
                0x000011f4                USBUART_EP_3_ISR
 .text.USBUART_SOF_ISR
                0x00001230        0x4 .\CortexM3\ARM_GCC_541\Debug\Design01.a(USBUART_episr.o)
                0x00001230                USBUART_SOF_ISR
 .text.USBUART_BUS_RESET_ISR
                0x00001234        0x8 .\CortexM3\ARM_GCC_541\Debug\Design01.a(USBUART_episr.o)
                0x00001234                USBUART_BUS_RESET_ISR
 .text.USBUART_DP_ISR
                0x0000123c        0x8 .\CortexM3\ARM_GCC_541\Debug\Design01.a(USBUART_pm.o)
                0x0000123c                USBUART_DP_ISR
 .text.USBUART_ReadDieID
                0x00001244       0x6c .\CortexM3\ARM_GCC_541\Debug\Design01.a(USBUART_std.o)
                0x00001244                USBUART_ReadDieID
 .text.USBUART_ConfigReg
                0x000012b0       0xa4 .\CortexM3\ARM_GCC_541\Debug\Design01.a(USBUART_std.o)
                0x000012b0                USBUART_ConfigReg
 .text.USBUART_GetConfigTablePtr
                0x00001354       0x28 .\CortexM3\ARM_GCC_541\Debug\Design01.a(USBUART_std.o)
                0x00001354                USBUART_GetConfigTablePtr
 .text.USBUART_ConfigAltChanged
                0x0000137c      0x11c .\CortexM3\ARM_GCC_541\Debug\Design01.a(USBUART_std.o)
                0x0000137c                USBUART_ConfigAltChanged
 .text.USBUART_GetDeviceTablePtr
                0x00001498       0x18 .\CortexM3\ARM_GCC_541\Debug\Design01.a(USBUART_std.o)
                0x00001498                USBUART_GetDeviceTablePtr
 .text.USBUART_GetInterfaceClassTablePtr
                0x000014b0       0x28 .\CortexM3\ARM_GCC_541\Debug\Design01.a(USBUART_std.o)
                0x000014b0                USBUART_GetInterfaceClassTablePtr
 .text.USBUART_Config
                0x000014d8      0x1ec .\CortexM3\ARM_GCC_541\Debug\Design01.a(USBUART_std.o)
                0x000014d8                USBUART_Config
 .text.USBUART_SetEndpointHalt
                0x000016c4       0x64 .\CortexM3\ARM_GCC_541\Debug\Design01.a(USBUART_std.o)
                0x000016c4                USBUART_SetEndpointHalt
 .text.USBUART_ClearEndpointHalt
                0x00001728       0xac .\CortexM3\ARM_GCC_541\Debug\Design01.a(USBUART_std.o)
                0x00001728                USBUART_ClearEndpointHalt
 .text.USBUART_ValidateAlternateSetting
                0x000017d4       0x4c .\CortexM3\ARM_GCC_541\Debug\Design01.a(USBUART_std.o)
                0x000017d4                USBUART_ValidateAlternateSetting
 .text.USBUART_HandleStandardRqst
                0x00001820      0x354 .\CortexM3\ARM_GCC_541\Debug\Design01.a(USBUART_std.o)
                0x00001820                USBUART_HandleStandardRqst
 .text.USBUART_HandleVendorRqst
                0x00001b74       0x18 .\CortexM3\ARM_GCC_541\Debug\Design01.a(USBUART_vnd.o)
                0x00001b74                USBUART_HandleVendorRqst
 .text.USBUART_Dp_ClearInterrupt
                0x00001b8c       0x10 .\CortexM3\ARM_GCC_541\Debug\Design01.a(USBUART_Dp.o)
                0x00001b8c                USBUART_Dp_ClearInterrupt
 .text.CyHalt   0x00001b9c        0x4 .\CortexM3\ARM_GCC_541\Debug\Design01.a(CyLib.o)
                0x00001b9c                CyHalt
 .text.CyDelayUs
                0x00001ba0       0x14 .\CortexM3\ARM_GCC_541\Debug\Design01.a(CyLib.o)
                0x00001ba0                CyDelayUs
 .text.CyIntSetVector
                0x00001bb4       0x28 .\CortexM3\ARM_GCC_541\Debug\Design01.a(CyLib.o)
                0x00001bb4                CyIntSetVector
 .text.CyIntSetPriority
                0x00001bdc       0x30 .\CortexM3\ARM_GCC_541\Debug\Design01.a(CyLib.o)
                0x00001bdc                CyIntSetPriority
 .text.CyGetUniqueId
                0x00001c0c       0x70 .\CortexM3\ARM_GCC_541\Debug\Design01.a(CyLib.o)
                0x00001c0c                CyGetUniqueId
 *fill*         0x00001c7c        0x4 
 .text          0x00001c80       0x20 .\CortexM3\ARM_GCC_541\Debug\Design01.a(CyBootAsmGnu.o)
                0x00001c80                CyDelayCycles
                0x00001c90                CyEnterCriticalSection
                0x00001c98                CyExitCriticalSection
 .text.USBUART_DispatchClassRqst
                0x00001ca0       0x60 .\CortexM3\ARM_GCC_541\Debug\Design01.a(USBUART_cls.o)
                0x00001ca0                USBUART_DispatchClassRqst
 .text.fmodf    0x00001d00       0xbc d:/ece software files/embededd lab/psoc creator/4.4/psoc creator/import/gnu/arm/5.4.1/bin/../lib/gcc/arm-none-eabi/5.4.1/../../../../arm-none-eabi/lib/armv7-m\libm.a(lib_a-wf_fmod.o)
                0x00001d00                fmodf
 .text.__ieee754_fmodf
                0x00001dbc      0x104 d:/ece software files/embededd lab/psoc creator/4.4/psoc creator/import/gnu/arm/5.4.1/bin/../lib/gcc/arm-none-eabi/5.4.1/../../../../arm-none-eabi/lib/armv7-m\libm.a(lib_a-ef_fmod.o)
                0x00001dbc                __ieee754_fmodf
 .text.matherr  0x00001ec0        0x4 d:/ece software files/embededd lab/psoc creator/4.4/psoc creator/import/gnu/arm/5.4.1/bin/../lib/gcc/arm-none-eabi/5.4.1/../../../../arm-none-eabi/lib/armv7-m\libm.a(lib_a-s_matherr.o)
                0x00001ec0                matherr
 .text          0x00001ec4      0x370 d:/ece software files/embededd lab/psoc creator/4.4/psoc creator/import/gnu/arm/5.4.1/bin/../lib/gcc/arm-none-eabi/5.4.1/armv7-m\libgcc.a(_arm_addsubdf3.o)
                0x00001ec4                __aeabi_drsub
                0x00001ecc                __aeabi_dsub
                0x00001ecc                __subdf3
                0x00001ed0                __aeabi_dadd
                0x00001ed0                __adddf3
                0x00002148                __floatunsidf
                0x00002148                __aeabi_ui2d
                0x00002168                __floatsidf
                0x00002168                __aeabi_i2d
                0x0000218c                __aeabi_f2d
                0x0000218c                __extendsfdf2
                0x000021c8                __floatundidf
                0x000021c8                __aeabi_ul2d
                0x000021d8                __floatdidf
                0x000021d8                __aeabi_l2d
 .text          0x00002234      0x424 d:/ece software files/embededd lab/psoc creator/4.4/psoc creator/import/gnu/arm/5.4.1/bin/../lib/gcc/arm-none-eabi/5.4.1/armv7-m\libgcc.a(_arm_muldivdf3.o)
                0x00002234                __aeabi_dmul
                0x00002234                __muldf3
                0x00002488                __divdf3
                0x00002488                __aeabi_ddiv
 .text          0x00002658       0xa0 d:/ece software files/embededd lab/psoc creator/4.4/psoc creator/import/gnu/arm/5.4.1/bin/../lib/gcc/arm-none-eabi/5.4.1/armv7-m\libgcc.a(_arm_truncdfsf2.o)
                0x00002658                __truncdfsf2
                0x00002658                __aeabi_d2f
 .text          0x000026f8      0x21c d:/ece software files/embededd lab/psoc creator/4.4/psoc creator/import/gnu/arm/5.4.1/bin/../lib/gcc/arm-none-eabi/5.4.1/armv7-m\libgcc.a(_arm_addsubsf3.o)
                0x000026f8                __aeabi_frsub
                0x00002700                __subsf3
                0x00002700                __aeabi_fsub
                0x00002704                __aeabi_fadd
                0x00002704                __addsf3
                0x00002864                __aeabi_ui2f
                0x00002864                __floatunsisf
                0x0000286c                __aeabi_i2f
                0x0000286c                __floatsisf
                0x00002888                __aeabi_ul2f
                0x00002888                __floatundisf
                0x00002898                __aeabi_l2f
                0x00002898                __floatdisf
 .text          0x00002914      0x2a0 d:/ece software files/embededd lab/psoc creator/4.4/psoc creator/import/gnu/arm/5.4.1/bin/../lib/gcc/arm-none-eabi/5.4.1/armv7-m\libgcc.a(_arm_muldivsf3.o)
                0x00002914                __mulsf3
                0x00002914                __aeabi_fmul
                0x00002a7c                __aeabi_fdiv
                0x00002a7c                __divsf3
 .text          0x00002bb4       0xec d:/ece software files/embededd lab/psoc creator/4.4/psoc creator/import/gnu/arm/5.4.1/bin/../lib/gcc/arm-none-eabi/5.4.1/armv7-m\libgcc.a(_arm_cmpsf2.o)
                0x00002bb4                __gesf2
                0x00002bb4                __gtsf2
                0x00002bbc                __lesf2
                0x00002bbc                __ltsf2
                0x00002bc4                __nesf2
                0x00002bc4                __eqsf2
                0x00002bc4                __cmpsf2
                0x00002c24                __aeabi_cfrcmple
                0x00002c2c                __aeabi_cfcmpeq
                0x00002c2c                __aeabi_cfcmple
                0x00002c3c                __aeabi_fcmpeq
                0x00002c50                __aeabi_fcmplt
                0x00002c64                __aeabi_fcmple
                0x00002c78                __aeabi_fcmpge
                0x00002c8c                __aeabi_fcmpgt
 .text          0x00002ca0       0x2c d:/ece software files/embededd lab/psoc creator/4.4/psoc creator/import/gnu/arm/5.4.1/bin/../lib/gcc/arm-none-eabi/5.4.1/armv7-m\libgcc.a(_arm_unordsf2.o)
                0x00002ca0                __unordsf2
                0x00002ca0                __aeabi_fcmpun
 .text          0x00002ccc       0x40 d:/ece software files/embededd lab/psoc creator/4.4/psoc creator/import/gnu/arm/5.4.1/bin/../lib/gcc/arm-none-eabi/5.4.1/armv7-m\libgcc.a(_arm_fixunssfsi.o)
                0x00002ccc                __fixunssfsi
                0x00002ccc                __aeabi_f2uiz
 .text.__errno  0x00002d0c        0xc d:/ece software files/embededd lab/psoc creator/4.4/psoc creator/import/gnu/arm/5.4.1/bin/../lib/gcc/arm-none-eabi/5.4.1/../../../../arm-none-eabi/lib/armv7-m\libg_nano.a(lib_a-errno.o)
                0x00002d0c                __errno
 .text.__libc_init_array
                0x00002d18       0x4c d:/ece software files/embededd lab/psoc creator/4.4/psoc creator/import/gnu/arm/5.4.1/bin/../lib/gcc/arm-none-eabi/5.4.1/../../../../arm-none-eabi/lib/armv7-m\libg_nano.a(lib_a-init.o)
                0x00002d18                __libc_init_array
 .text.memcpy   0x00002d64       0x16 d:/ece software files/embededd lab/psoc creator/4.4/psoc creator/import/gnu/arm/5.4.1/bin/../lib/gcc/arm-none-eabi/5.4.1/../../../../arm-none-eabi/lib/armv7-m\libg_nano.a(lib_a-memcpy-stub.o)
                0x00002d64                memcpy
 .text.memset   0x00002d7a       0x10 d:/ece software files/embededd lab/psoc creator/4.4/psoc creator/import/gnu/arm/5.4.1/bin/../lib/gcc/arm-none-eabi/5.4.1/../../../../arm-none-eabi/lib/armv7-m\libg_nano.a(lib_a-memset.o)
                0x00002d7a                memset
 .text.__cvt    0x00002d8a       0xc0 d:/ece software files/embededd lab/psoc creator/4.4/psoc creator/import/gnu/arm/5.4.1/bin/../lib/gcc/arm-none-eabi/5.4.1/../../../../arm-none-eabi/lib/armv7-m\libg_nano.a(lib_a-nano-vfprintf_float.o)
                0x00002d8a                __cvt
 .text.__exponent
                0x00002e4a       0x62 d:/ece software files/embededd lab/psoc creator/4.4/psoc creator/import/gnu/arm/5.4.1/bin/../lib/gcc/arm-none-eabi/5.4.1/../../../../arm-none-eabi/lib/armv7-m\libg_nano.a(lib_a-nano-vfprintf_float.o)
                0x00002e4a                __exponent
 .text._printf_float
                0x00002eac      0x488 d:/ece software files/embededd lab/psoc creator/4.4/psoc creator/import/gnu/arm/5.4.1/bin/../lib/gcc/arm-none-eabi/5.4.1/../../../../arm-none-eabi/lib/armv7-m\libg_nano.a(lib_a-nano-vfprintf_float.o)
                0x00002eac                _printf_float
 .text._printf_common
                0x00003334       0xec d:/ece software files/embededd lab/psoc creator/4.4/psoc creator/import/gnu/arm/5.4.1/bin/../lib/gcc/arm-none-eabi/5.4.1/../../../../arm-none-eabi/lib/armv7-m\libg_nano.a(lib_a-nano-vfprintf_i.o)
                0x00003334                _printf_common
 .text          0x00003420       0x10 d:/ece software files/embededd lab/psoc creator/4.4/psoc creator/import/gnu/arm/5.4.1/bin/../lib/gcc/arm-none-eabi/5.4.1/../../../../arm-none-eabi/lib/armv7-m\libg_nano.a(lib_a-strlen.o)
                0x00003420                strlen
 .text.quorem   0x00003430      0x116 d:/ece software files/embededd lab/psoc creator/4.4/psoc creator/import/gnu/arm/5.4.1/bin/../lib/gcc/arm-none-eabi/5.4.1/../../../../arm-none-eabi/lib/armv7-m\libg_nano.a(lib_a-dtoa.o)
 *fill*         0x00003546        0x2 
 .text._dtoa_r  0x00003548      0xb30 d:/ece software files/embededd lab/psoc creator/4.4/psoc creator/import/gnu/arm/5.4.1/bin/../lib/gcc/arm-none-eabi/5.4.1/../../../../arm-none-eabi/lib/armv7-m\libg_nano.a(lib_a-dtoa.o)
                0x00003548                _dtoa_r
 .text._localeconv_r
                0x00004078        0x8 d:/ece software files/embededd lab/psoc creator/4.4/psoc creator/import/gnu/arm/5.4.1/bin/../lib/gcc/arm-none-eabi/5.4.1/../../../../arm-none-eabi/lib/armv7-m\libg_nano.a(lib_a-locale.o)
                0x00004078                _localeconv_r
 .text.malloc   0x00004080       0x10 d:/ece software files/embededd lab/psoc creator/4.4/psoc creator/import/gnu/arm/5.4.1/bin/../lib/gcc/arm-none-eabi/5.4.1/../../../../arm-none-eabi/lib/armv7-m\libg_nano.a(lib_a-malloc.o)
                0x00004080                malloc
 .text._Balloc  0x00004090       0x6a d:/ece software files/embededd lab/psoc creator/4.4/psoc creator/import/gnu/arm/5.4.1/bin/../lib/gcc/arm-none-eabi/5.4.1/../../../../arm-none-eabi/lib/armv7-m\libg_nano.a(lib_a-mprec.o)
                0x00004090                _Balloc
 .text._Bfree   0x000040fa       0x2e d:/ece software files/embededd lab/psoc creator/4.4/psoc creator/import/gnu/arm/5.4.1/bin/../lib/gcc/arm-none-eabi/5.4.1/../../../../arm-none-eabi/lib/armv7-m\libg_nano.a(lib_a-mprec.o)
                0x000040fa                _Bfree
 .text.__multadd
                0x00004128       0x76 d:/ece software files/embededd lab/psoc creator/4.4/psoc creator/import/gnu/arm/5.4.1/bin/../lib/gcc/arm-none-eabi/5.4.1/../../../../arm-none-eabi/lib/armv7-m\libg_nano.a(lib_a-mprec.o)
                0x00004128                __multadd
 .text.__hi0bits
                0x0000419e       0x40 d:/ece software files/embededd lab/psoc creator/4.4/psoc creator/import/gnu/arm/5.4.1/bin/../lib/gcc/arm-none-eabi/5.4.1/../../../../arm-none-eabi/lib/armv7-m\libg_nano.a(lib_a-mprec.o)
                0x0000419e                __hi0bits
 .text.__lo0bits
                0x000041de       0x5a d:/ece software files/embededd lab/psoc creator/4.4/psoc creator/import/gnu/arm/5.4.1/bin/../lib/gcc/arm-none-eabi/5.4.1/../../../../arm-none-eabi/lib/armv7-m\libg_nano.a(lib_a-mprec.o)
                0x000041de                __lo0bits
 .text.__i2b    0x00004238       0x12 d:/ece software files/embededd lab/psoc creator/4.4/psoc creator/import/gnu/arm/5.4.1/bin/../lib/gcc/arm-none-eabi/5.4.1/../../../../arm-none-eabi/lib/armv7-m\libg_nano.a(lib_a-mprec.o)
                0x00004238                __i2b
 .text.__multiply
                0x0000424a      0x120 d:/ece software files/embededd lab/psoc creator/4.4/psoc creator/import/gnu/arm/5.4.1/bin/../lib/gcc/arm-none-eabi/5.4.1/../../../../arm-none-eabi/lib/armv7-m\libg_nano.a(lib_a-mprec.o)
                0x0000424a                __multiply
 *fill*         0x0000436a        0x2 
 .text.__pow5mult
                0x0000436c       0x9c d:/ece software files/embededd lab/psoc creator/4.4/psoc creator/import/gnu/arm/5.4.1/bin/../lib/gcc/arm-none-eabi/5.4.1/../../../../arm-none-eabi/lib/armv7-m\libg_nano.a(lib_a-mprec.o)
                0x0000436c                __pow5mult
 .text.__lshift
                0x00004408       0xa2 d:/ece software files/embededd lab/psoc creator/4.4/psoc creator/import/gnu/arm/5.4.1/bin/../lib/gcc/arm-none-eabi/5.4.1/../../../../arm-none-eabi/lib/armv7-m\libg_nano.a(lib_a-mprec.o)
                0x00004408                __lshift
 .text.__mcmp   0x000044aa       0x38 d:/ece software files/embededd lab/psoc creator/4.4/psoc creator/import/gnu/arm/5.4.1/bin/../lib/gcc/arm-none-eabi/5.4.1/../../../../arm-none-eabi/lib/armv7-m\libg_nano.a(lib_a-mprec.o)
                0x000044aa                __mcmp
 .text.__mdiff  0x000044e2       0xbe d:/ece software files/embededd lab/psoc creator/4.4/psoc creator/import/gnu/arm/5.4.1/bin/../lib/gcc/arm-none-eabi/5.4.1/../../../../arm-none-eabi/lib/armv7-m\libg_nano.a(lib_a-mprec.o)
                0x000044e2                __mdiff
 .text.__d2b    0x000045a0       0x9c d:/ece software files/embededd lab/psoc creator/4.4/psoc creator/import/gnu/arm/5.4.1/bin/../lib/gcc/arm-none-eabi/5.4.1/../../../../arm-none-eabi/lib/armv7-m\libg_nano.a(lib_a-mprec.o)
                0x000045a0                __d2b
 .text._calloc_r
                0x0000463c       0x1c d:/ece software files/embededd lab/psoc creator/4.4/psoc creator/import/gnu/arm/5.4.1/bin/../lib/gcc/arm-none-eabi/5.4.1/../../../../arm-none-eabi/lib/armv7-m\libg_nano.a(lib_a-nano-callocr.o)
                0x0000463c                _calloc_r
 .text._malloc_r
                0x00004658       0xbc d:/ece software files/embededd lab/psoc creator/4.4/psoc creator/import/gnu/arm/5.4.1/bin/../lib/gcc/arm-none-eabi/5.4.1/../../../../arm-none-eabi/lib/armv7-m\libg_nano.a(lib_a-nano-mallocr.o)
                0x00004658                _malloc_r
 .text._sbrk_r  0x00004714       0x20 d:/ece software files/embededd lab/psoc creator/4.4/psoc creator/import/gnu/arm/5.4.1/bin/../lib/gcc/arm-none-eabi/5.4.1/../../../../arm-none-eabi/lib/armv7-m\libg_nano.a(lib_a-sbrkr.o)
                0x00004714                _sbrk_r
 .text.__malloc_lock
                0x00004734        0x2 d:/ece software files/embededd lab/psoc creator/4.4/psoc creator/import/gnu/arm/5.4.1/bin/../lib/gcc/arm-none-eabi/5.4.1/../../../../arm-none-eabi/lib/armv7-m\libg_nano.a(lib_a-mlock.o)
                0x00004734                __malloc_lock
 .text.__malloc_unlock
                0x00004736        0x2 d:/ece software files/embededd lab/psoc creator/4.4/psoc creator/import/gnu/arm/5.4.1/bin/../lib/gcc/arm-none-eabi/5.4.1/../../../../arm-none-eabi/lib/armv7-m\libg_nano.a(lib_a-mlock.o)
                0x00004736                __malloc_unlock
 .text          0x00004738      0x110 d:/ece software files/embededd lab/psoc creator/4.4/psoc creator/import/gnu/arm/5.4.1/bin/../lib/gcc/arm-none-eabi/5.4.1/armv7-m\libgcc.a(_arm_cmpdf2.o)
                0x00004738                __gtdf2
                0x00004738                __gedf2
                0x00004740                __ltdf2
                0x00004740                __ledf2
                0x00004748                __nedf2
                0x00004748                __eqdf2
                0x00004748                __cmpdf2
                0x000047c4                __aeabi_cdrcmple
                0x000047d4                __aeabi_cdcmpeq
                0x000047d4                __aeabi_cdcmple
                0x000047e4                __aeabi_dcmpeq
                0x000047f8                __aeabi_dcmplt
                0x0000480c                __aeabi_dcmple
                0x00004820                __aeabi_dcmpge
                0x00004834                __aeabi_dcmpgt
 .text          0x00004848       0x2c d:/ece software files/embededd lab/psoc creator/4.4/psoc creator/import/gnu/arm/5.4.1/bin/../lib/gcc/arm-none-eabi/5.4.1/armv7-m\libgcc.a(_arm_unorddf2.o)
                0x00004848                __unorddf2
                0x00004848                __aeabi_dcmpun
 .text          0x00004874       0x50 d:/ece software files/embededd lab/psoc creator/4.4/psoc creator/import/gnu/arm/5.4.1/bin/../lib/gcc/arm-none-eabi/5.4.1/armv7-m\libgcc.a(_arm_fixdfsi.o)
                0x00004874                __aeabi_d2iz
                0x00004874                __fixdfsi
 *(.plt)
 *(.gnu.warning)
 *(.glue_7t)
 .glue_7t       0x000048c4        0x0 linker stubs
 *(.glue_7)
 .glue_7        0x000048c4        0x0 linker stubs
 *(.vfp11_veneer)
 .vfp11_veneer  0x000048c4        0x0 linker stubs
 *(.bootloader)
 *(.ARM.extab* .gnu.linkonce.armextab.*)
 *(.gcc_except_table)

.v4_bx          0x000048c4        0x0
 .v4_bx         0x000048c4        0x0 linker stubs

.iplt           0x000048c4        0x0
 .iplt          0x000048c4        0x0 d:/ece software files/embededd lab/psoc creator/4.4/psoc creator/import/gnu/arm/5.4.1/bin/../lib/gcc/arm-none-eabi/5.4.1/armv7-m/crtbegin.o

.eh_frame_hdr
 *(.eh_frame_hdr)

.eh_frame       0x000048c4        0x4
 *(.eh_frame)
 .eh_frame      0x000048c4        0x0 d:/ece software files/embededd lab/psoc creator/4.4/psoc creator/import/gnu/arm/5.4.1/bin/../lib/gcc/arm-none-eabi/5.4.1/armv7-m/crtbegin.o
 .eh_frame      0x000048c4        0x4 d:/ece software files/embededd lab/psoc creator/4.4/psoc creator/import/gnu/arm/5.4.1/bin/../lib/gcc/arm-none-eabi/5.4.1/armv7-m/crtend.o
                [!provide]                PROVIDE (__exidx_start, .)

.ARM.exidx
 *(.ARM.exidx* .gnu.linkonce.armexidx.*)
                0x000048c8                __exidx_end = .

.rodata         0x000048c8      0x358
 *(.rodata .rodata.* .gnu.linkonce.r.*)
 .rodata        0x000048c8       0x40 .\CortexM3\ARM_GCC_541\Debug\main.o
 .rodata        0x00004908       0x2a .\CortexM3\ARM_GCC_541\Debug\cyfitter_cfg.o
 *fill*         0x00004932        0x2 
 .rodata.str1.4
                0x00004934       0x11 .\CortexM3\ARM_GCC_541\Debug\Design01.a(USBUART_std.o)
 *fill*         0x00004945        0x3 
 .rodata        0x00004948      0x15e .\CortexM3\ARM_GCC_541\Debug\Design01.a(USBUART_descr.o)
                0x00004948                USBUART_TABLE
                0x00004950                USBUART_DEVICE0_TABLE
                0x00004968                USBUART_DEVICE0_CONFIGURATION0_TABLE
                0x00004990                USBUART_DEVICE0_CONFIGURATION0_INTERFACE_CLASS
                0x00004994                USBUART_DEVICE0_CONFIGURATION0_EP_SETTINGS_TABLE
                0x000049ac                USBUART_SN_STRING_DESCRIPTOR
                0x000049b0                USBUART_STRING_DESCRIPTORS
                0x00004a50                USBUART_DEVICE0_CONFIGURATION0_DESCR
                0x00004a94                USBUART_DEVICE0_DESCR
 *fill*         0x00004aa6        0x2 
 .rodata.str1.4
                0x00004aa8        0x8 d:/ece software files/embededd lab/psoc creator/4.4/psoc creator/import/gnu/arm/5.4.1/bin/../lib/gcc/arm-none-eabi/5.4.1/../../../../arm-none-eabi/lib/armv7-m\libm.a(lib_a-wf_fmod.o)
                                  0x6 (size before relaxing)
 .rodata.Zero   0x00004ab0        0x8 d:/ece software files/embededd lab/psoc creator/4.4/psoc creator/import/gnu/arm/5.4.1/bin/../lib/gcc/arm-none-eabi/5.4.1/../../../../arm-none-eabi/lib/armv7-m\libm.a(lib_a-ef_fmod.o)
 .rodata.str1.1
                0x00004ab8        0x2 d:/ece software files/embededd lab/psoc creator/4.4/psoc creator/import/gnu/arm/5.4.1/bin/../lib/gcc/arm-none-eabi/5.4.1/../../../../arm-none-eabi/lib/armv7-m\libg_nano.a(lib_a-impure.o)
 .rodata.str1.1
                0x00004aba       0x12 d:/ece software files/embededd lab/psoc creator/4.4/psoc creator/import/gnu/arm/5.4.1/bin/../lib/gcc/arm-none-eabi/5.4.1/../../../../arm-none-eabi/lib/armv7-m\libg_nano.a(lib_a-nano-vfprintf_float.o)
 .rodata.str1.1
                0x00004acc        0xd d:/ece software files/embededd lab/psoc creator/4.4/psoc creator/import/gnu/arm/5.4.1/bin/../lib/gcc/arm-none-eabi/5.4.1/../../../../arm-none-eabi/lib/armv7-m\libg_nano.a(lib_a-dtoa.o)
                                  0xf (size before relaxing)
 .rodata.str1.1
                0x00004ad9        0x8 d:/ece software files/embededd lab/psoc creator/4.4/psoc creator/import/gnu/arm/5.4.1/bin/../lib/gcc/arm-none-eabi/5.4.1/../../../../arm-none-eabi/lib/armv7-m\libg_nano.a(lib_a-locale.o)
                                  0xb (size before relaxing)
 *fill*         0x00004ae1        0x7 
 .rodata.__mprec_tens
                0x00004ae8       0xc8 d:/ece software files/embededd lab/psoc creator/4.4/psoc creator/import/gnu/arm/5.4.1/bin/../lib/gcc/arm-none-eabi/5.4.1/../../../../arm-none-eabi/lib/armv7-m\libg_nano.a(lib_a-mprec.o)
                0x00004ae8                __mprec_tens
 .rodata.p05.5408
                0x00004bb0        0xc d:/ece software files/embededd lab/psoc creator/4.4/psoc creator/import/gnu/arm/5.4.1/bin/../lib/gcc/arm-none-eabi/5.4.1/../../../../arm-none-eabi/lib/armv7-m\libg_nano.a(lib_a-mprec.o)
 *fill*         0x00004bbc        0x4 
 .rodata.__mprec_bigtens
                0x00004bc0       0x28 d:/ece software files/embededd lab/psoc creator/4.4/psoc creator/import/gnu/arm/5.4.1/bin/../lib/gcc/arm-none-eabi/5.4.1/../../../../arm-none-eabi/lib/armv7-m\libg_nano.a(lib_a-mprec.o)
                0x00004bc0                __mprec_bigtens
                0x00004be8                . = ALIGN (0x4)
 *(.init)
 .init          0x00004be8        0x4 d:/ece software files/embededd lab/psoc creator/4.4/psoc creator/import/gnu/arm/5.4.1/bin/../lib/gcc/arm-none-eabi/5.4.1/armv7-m/crti.o
                0x00004be8                _init
 .init          0x00004bec        0x8 d:/ece software files/embededd lab/psoc creator/4.4/psoc creator/import/gnu/arm/5.4.1/bin/../lib/gcc/arm-none-eabi/5.4.1/armv7-m/crtn.o
                0x00004bf4                . = ALIGN (0x4)
                0x00004bf4                __preinit_array_start = .
 *(.preinit_array)
                0x00004bf4                __preinit_array_end = .
                0x00004bf4                . = ALIGN (0x4)
                0x00004bf4                __init_array_start = .
 *(SORT(.init_array.*))
 *(.init_array)
 .init_array    0x00004bf4        0x4 d:/ece software files/embededd lab/psoc creator/4.4/psoc creator/import/gnu/arm/5.4.1/bin/../lib/gcc/arm-none-eabi/5.4.1/armv7-m/crtbegin.o
 .init_array    0x00004bf8        0x4 .\CortexM3\ARM_GCC_541\Debug\Cm3Start.o
                0x00004bfc                __init_array_end = .
                0x00004bfc                . = ALIGN (0x4)
 *(.fini)
 .fini          0x00004bfc        0x4 d:/ece software files/embededd lab/psoc creator/4.4/psoc creator/import/gnu/arm/5.4.1/bin/../lib/gcc/arm-none-eabi/5.4.1/armv7-m/crti.o
                0x00004bfc                _fini
 .fini          0x00004c00        0x8 d:/ece software files/embededd lab/psoc creator/4.4/psoc creator/import/gnu/arm/5.4.1/bin/../lib/gcc/arm-none-eabi/5.4.1/armv7-m/crtn.o
                0x00004c08                . = ALIGN (0x4)
                0x00004c08                __fini_array_start = .
 *(.fini_array)
 .fini_array    0x00004c08        0x4 d:/ece software files/embededd lab/psoc creator/4.4/psoc creator/import/gnu/arm/5.4.1/bin/../lib/gcc/arm-none-eabi/5.4.1/armv7-m/crtbegin.o
 *(SORT(.fini_array.*))
                0x00004c0c                __fini_array_end = .
                0x00004c0c                . = ALIGN (0x4)
 *crtbegin.o(.ctors)
 *(EXCLUDE_FILE(*crtend.o) .ctors)
 *(SORT(.ctors.*))
 *crtend.o(.ctors)
                0x00004c0c                . = ALIGN (0x4)
 *crtbegin.o(.dtors)
 *(EXCLUDE_FILE(*crtend.o) .dtors)
 *(SORT(.dtors.*))
 *crtend.o(.dtors)
                0x00004c0c                . = ALIGN (0x4)
                0x00004c0c                __cy_regions = .
                0x00004c0c        0x4 LONG 0x4c20 __cy_region_init_ram
                0x00004c10        0x4 LONG 0x1fff80c8 __cy_region_start_data
                0x00004c14        0x4 LONG 0xd8 __cy_region_init_size_ram
                0x00004c18        0x4 LONG 0x108 __cy_region_zero_size_ram
                0x00004c1c                __cy_regions_end = .
                0x00004c20                . = ALIGN (0x8)
 *fill*         0x00004c1c        0x4 
                0x00004c20                _etext = .

.cy_checksum_exclude
                0x00004c20        0x0
 *(.cy_checksum_exclude)

.ramvectors     0x1fff8000       0xc0
                0x1fff8000                __cy_region_start_ram = .
 *(.ramvectors)
 .ramvectors    0x1fff8000       0xc0 .\CortexM3\ARM_GCC_541\Debug\Cm3Start.o
                0x1fff8000                CyRamVectors

.noinit         0x1fff80c0        0x1
 *(.noinit)
 .noinit        0x1fff80c0        0x1 .\CortexM3\ARM_GCC_541\Debug\Design01.a(CyLib.o)
                0x1fff80c0                CyResetStatus

.data           0x1fff80c8       0xd8 load address 0x00004c20
                0x1fff80c8                __cy_region_start_data = .
 *(.jcr)
 .jcr           0x1fff80c8        0x0 d:/ece software files/embededd lab/psoc creator/4.4/psoc creator/import/gnu/arm/5.4.1/bin/../lib/gcc/arm-none-eabi/5.4.1/armv7-m/crtbegin.o
 .jcr           0x1fff80c8        0x4 d:/ece software files/embededd lab/psoc creator/4.4/psoc creator/import/gnu/arm/5.4.1/bin/../lib/gcc/arm-none-eabi/5.4.1/armv7-m/crtend.o
 *(.got.plt)
 *(.got)
 *(.shdata)
 *(.data .data.* .gnu.linkonce.d.*)
 .data          0x1fff80cc        0x4 .\CortexM3\ARM_GCC_541\Debug\Cm3Start.o
 .data          0x1fff80d0       0x1a .\CortexM3\ARM_GCC_541\Debug\Design01.a(USBUART_cdc.o)
                0x1fff80d0                USBUART_linesCoding
 *fill*         0x1fff80ea        0x2 
 .data          0x1fff80ec       0x10 .\CortexM3\ARM_GCC_541\Debug\Design01.a(CyLib.o)
                0x1fff80ec                cydelay_32k_ms
                0x1fff80f0                cydelay_freq_khz
                0x1fff80f4                cydelay_freq_mhz
                0x1fff80f8                cydelay_freq_hz
 .data.__fdlib_version
                0x1fff80fc        0x1 d:/ece software files/embededd lab/psoc creator/4.4/psoc creator/import/gnu/arm/5.4.1/bin/../lib/gcc/arm-none-eabi/5.4.1/../../../../arm-none-eabi/lib/armv7-m\libm.a(lib_a-s_lib_ver.o)
                0x1fff80fc                __fdlib_version
 *fill*         0x1fff80fd        0x3 
 .data.impure_data
                0x1fff8100       0x60 d:/ece software files/embededd lab/psoc creator/4.4/psoc creator/import/gnu/arm/5.4.1/bin/../lib/gcc/arm-none-eabi/5.4.1/../../../../arm-none-eabi/lib/armv7-m\libg_nano.a(lib_a-impure.o)
 .data._impure_ptr
                0x1fff8160        0x4 d:/ece software files/embededd lab/psoc creator/4.4/psoc creator/import/gnu/arm/5.4.1/bin/../lib/gcc/arm-none-eabi/5.4.1/../../../../arm-none-eabi/lib/armv7-m\libg_nano.a(lib_a-impure.o)
                0x1fff8160                _impure_ptr
 .data.lconv    0x1fff8164       0x38 d:/ece software files/embededd lab/psoc creator/4.4/psoc creator/import/gnu/arm/5.4.1/bin/../lib/gcc/arm-none-eabi/5.4.1/../../../../arm-none-eabi/lib/armv7-m\libg_nano.a(lib_a-locale.o)
                0x1fff81a0                . = ALIGN (0x8)
 *fill*         0x1fff819c        0x4 
 *(.ram)
                0x1fff81a0                _edata = .

.igot.plt       0x1fff81a0        0x0 load address 0x00004cf8
 .igot.plt      0x1fff81a0        0x0 d:/ece software files/embededd lab/psoc creator/4.4/psoc creator/import/gnu/arm/5.4.1/bin/../lib/gcc/arm-none-eabi/5.4.1/armv7-m/crtbegin.o

.bss            0x1fff81a0      0x108 load address 0x00004cf8
                0x1fff81a0                PROVIDE (__bss_start__, .)
 *(.shbss)
 *(.bss .bss.* .gnu.linkonce.b.*)
 .bss           0x1fff81a0       0x1c d:/ece software files/embededd lab/psoc creator/4.4/psoc creator/import/gnu/arm/5.4.1/bin/../lib/gcc/arm-none-eabi/5.4.1/armv7-m/crtbegin.o
 .bss           0x1fff81bc        0x1 .\CortexM3\ARM_GCC_541\Debug\Design01.a(DAC.o)
                0x1fff81bc                DAC_initVar
 .bss           0x1fff81bd        0x1 .\CortexM3\ARM_GCC_541\Debug\Design01.a(USBUART.o)
                0x1fff81bd                USBUART_initVar
 .bss           0x1fff81be        0x1 .\CortexM3\ARM_GCC_541\Debug\Design01.a(USBUART_cdc.o)
 *fill*         0x1fff81bf        0x1 
 .bss           0x1fff81c0        0x2 .\CortexM3\ARM_GCC_541\Debug\Design01.a(USBUART_std.o)
 *fill*         0x1fff81c2        0x2 
 .bss.__malloc_sbrk_start
                0x1fff81c4        0x4 d:/ece software files/embededd lab/psoc creator/4.4/psoc creator/import/gnu/arm/5.4.1/bin/../lib/gcc/arm-none-eabi/5.4.1/../../../../arm-none-eabi/lib/armv7-m\libg_nano.a(lib_a-nano-mallocr.o)
                0x1fff81c4                __malloc_sbrk_start
 .bss.__malloc_free_list
                0x1fff81c8        0x4 d:/ece software files/embededd lab/psoc creator/4.4/psoc creator/import/gnu/arm/5.4.1/bin/../lib/gcc/arm-none-eabi/5.4.1/../../../../arm-none-eabi/lib/armv7-m\libg_nano.a(lib_a-nano-mallocr.o)
                0x1fff81c8                __malloc_free_list
 *(COMMON)
 COMMON         0x1fff81cc       0x18 .\CortexM3\ARM_GCC_541\Debug\Design01.a(USBUART_cdc.o)
                0x1fff81cc                USBUART_linesChanged
                0x1fff81d0                USBUART_cdcDataInEp
                0x1fff81d4                USBUART_cdcCommInInterruptEp
                0x1fff81d8                USBUART_cdcDataOutEp
                0x1fff81dc                USBUART_serialStateBitmap
                0x1fff81e0                USBUART_linesControlBitmap
 COMMON         0x1fff81e4       0x9a .\CortexM3\ARM_GCC_541\Debug\Design01.a(USBUART_drv.o)
                0x1fff81e4                USBUART_lastPacketSize
                0x1fff81e5                USBUART_device
                0x1fff81e6                USBUART_transferByteCount
                0x1fff81e8                USBUART_transferState
                0x1fff81ec                USBUART_interfaceSettingLast
                0x1fff81f0                USBUART_currentTD
                0x1fff81fc                USBUART_interfaceNumber
                0x1fff8200                USBUART_interfaceClass
                0x1fff8204                USBUART_configurationChanged
                0x1fff8205                USBUART_ep0Mode
                0x1fff8206                USBUART_deviceAddress
                0x1fff8207                USBUART_configuration
                0x1fff8208                USBUART_ep0Count
                0x1fff8209                USBUART_deviceStatus
                0x1fff820c                USBUART_EP
                0x1fff8278                USBUART_interfaceSetting
                0x1fff827a                USBUART_ep0Toggle
                0x1fff827c                USBUART_interfaceStatus
 *fill*         0x1fff827e        0x2 
 COMMON         0x1fff8280       0x22 .\CortexM3\ARM_GCC_541\Debug\Design01.a(USBUART_descr.o)
                0x1fff8280                USBUART_idSerialNumberStringDescriptor
 *fill*         0x1fff82a2        0x2 
 COMMON         0x1fff82a4        0x4 d:/ece software files/embededd lab/psoc creator/4.4/psoc creator/import/gnu/arm/5.4.1/bin/../lib/gcc/arm-none-eabi/5.4.1/../../../../arm-none-eabi/lib/armv7-m\libg_nano.a(lib_a-reent.o)
                0x1fff82a4                errno
                0x1fff82a8                . = ALIGN (0x8)
 *(.ram.b)
                0x1fff82a8                _end = .
                0x1fff82a8                __end = .
                0x1fff82a8                PROVIDE (end, .)
                0x1fff82a8                PROVIDE (__bss_end__, .)
                0x00004c20                __cy_region_init_ram = LOADADDR (.data)
                0x000000d8                __cy_region_init_size_ram = (_edata - ADDR (.data))
                0x00000108                __cy_region_zero_size_ram = (_end - _edata)

.heap           0x1fff82a8       0x80 load address 0x00004cf8
                0x1fff82a8                . = _end
                0x1fff8328                . = (. + 0x80)
 *fill*         0x1fff82a8       0x80 
                0x1fff8328                __cy_heap_limit = .

.stack          0x20007800      0x800
                0x20007800                __cy_stack_limit = .
                0x20008000                . = (. + 0x800)
 *fill*         0x20007800      0x800 
                0x00000001                ASSERT ((__cy_stack_limit >= __cy_heap_limit), region RAM overflowed with stack)
                0x00000000                cy_checksum_exclude_size = (CY_APPL_LOADABLE == 0x1)?SIZEOF (.cy_checksum_exclude):0x0
                0x00000001                ASSERT ((cy_checksum_exclude_size <= CY_CHECKSUM_EXCLUDE_SIZE), CY_BOOT: Section .cy_checksum_exclude size exceedes specified limit.)

.cyloadermeta
 *(.cyloadermeta)

.cyloadablemeta
 *(.cyloadablemeta)

.cyconfigecc    0x80000000       0x88
 *(.cyconfigecc)
 .cyconfigecc   0x80000000       0x88 .\CortexM3\ARM_GCC_541\Debug\cymetadata.o
                0x80000000                cy_meta_configecc

.cycustnvl      0x90000000        0x4
 *(.cycustnvl)
 .cycustnvl     0x90000000        0x4 .\CortexM3\ARM_GCC_541\Debug\cymetadata.o
                0x90000000                cy_meta_custnvl

.cywolatch      0x90100000        0x4
 *(.cywolatch)
 .cywolatch     0x90100000        0x4 .\CortexM3\ARM_GCC_541\Debug\cymetadata.o
                0x90100000                cy_meta_wonvl

.cyeeprom       0x90200000        0x0
 *(.cyeeprom)
                0x00000001                ASSERT ((. <= ((0x90200000 + ee_offset) + ee_size)), .cyeeprom data will not fit in EEPROM)

.cyflashprotect
                0x90400000      0x100
 *(.cyflashprotect)
 .cyflashprotect
                0x90400000      0x100 .\CortexM3\ARM_GCC_541\Debug\cymetadata.o
                0x90400000                cy_meta_flashprotect

.cymeta         0x90500000        0xc
 *(.cymeta)
 .cymeta        0x90500000        0xc .\CortexM3\ARM_GCC_541\Debug\cymetadata.o
                0x90500000                cy_metadata

.rel.dyn        0x00004cf8        0x0 load address 0x9050000c
 .rel.iplt      0x00004cf8        0x0 d:/ece software files/embededd lab/psoc creator/4.4/psoc creator/import/gnu/arm/5.4.1/bin/../lib/gcc/arm-none-eabi/5.4.1/armv7-m/crtbegin.o

.stab
 *(.stab)

.stabstr
 *(.stabstr)

.debug
 *(.debug)

.line
 *(.line)

.debug_srcinfo
 *(.debug_srcinfo)

.debug_sfnames
 *(.debug_sfnames)

.debug_aranges  0x00000000      0x988
 *(.debug_aranges)
 .debug_aranges
                0x00000000       0x30 .\CortexM3\ARM_GCC_541\Debug\main.o
 .debug_aranges
                0x00000030       0x58 .\CortexM3\ARM_GCC_541\Debug\cyfitter_cfg.o
 .debug_aranges
                0x00000088       0x18 .\CortexM3\ARM_GCC_541\Debug\cymetadata.o
 .debug_aranges
                0x000000a0       0x48 .\CortexM3\ARM_GCC_541\Debug\Cm3Start.o
 .debug_aranges
                0x000000e8       0x58 .\CortexM3\ARM_GCC_541\Debug\Design01.a(DAC.o)
 .debug_aranges
                0x00000140       0xc8 .\CortexM3\ARM_GCC_541\Debug\Design01.a(USBUART.o)
 .debug_aranges
                0x00000208       0xe8 .\CortexM3\ARM_GCC_541\Debug\Design01.a(USBUART_cdc.o)
 .debug_aranges
                0x000002f0       0x98 .\CortexM3\ARM_GCC_541\Debug\Design01.a(USBUART_drv.o)
 .debug_aranges
                0x00000388       0x40 .\CortexM3\ARM_GCC_541\Debug\Design01.a(USBUART_episr.o)
 .debug_aranges
                0x000003c8       0x40 .\CortexM3\ARM_GCC_541\Debug\Design01.a(USBUART_pm.o)
 .debug_aranges
                0x00000408       0x80 .\CortexM3\ARM_GCC_541\Debug\Design01.a(USBUART_std.o)
 .debug_aranges
                0x00000488       0x20 .\CortexM3\ARM_GCC_541\Debug\Design01.a(USBUART_vnd.o)
 .debug_aranges
                0x000004a8       0x48 .\CortexM3\ARM_GCC_541\Debug\Design01.a(USBUART_Dp.o)
 .debug_aranges
                0x000004f0      0x2a0 .\CortexM3\ARM_GCC_541\Debug\Design01.a(CyLib.o)
 .debug_aranges
                0x00000790       0x98 .\CortexM3\ARM_GCC_541\Debug\Design01.a(cyPm.o)
 .debug_aranges
                0x00000828       0x20 .\CortexM3\ARM_GCC_541\Debug\Design01.a(CyBootAsmGnu.o)
 .debug_aranges
                0x00000848       0x20 .\CortexM3\ARM_GCC_541\Debug\Design01.a(USBUART_cls.o)
 .debug_aranges
                0x00000868       0x18 .\CortexM3\ARM_GCC_541\Debug\Design01.a(USBUART_descr.o)
 .debug_aranges
                0x00000880       0x88 .\CortexM3\ARM_GCC_541\Debug\Design01.a(CyFlash.o)
 .debug_aranges
                0x00000908       0x80 .\CortexM3\ARM_GCC_541\Debug\Design01.a(CySpc.o)

.debug_pubnames
 *(.debug_pubnames)

.debug_info     0x00000000     0x6c26
 *(.debug_info .gnu.linkonce.wi.*)
 .debug_info    0x00000000      0x492 .\CortexM3\ARM_GCC_541\Debug\main.o
 .debug_info    0x00000492      0x4cc .\CortexM3\ARM_GCC_541\Debug\cyfitter_cfg.o
 .debug_info    0x0000095e      0x134 .\CortexM3\ARM_GCC_541\Debug\cymetadata.o
 .debug_info    0x00000a92      0x3bb .\CortexM3\ARM_GCC_541\Debug\Cm3Start.o
 .debug_info    0x00000e4d      0x1e0 .\CortexM3\ARM_GCC_541\Debug\Design01.a(DAC.o)
 .debug_info    0x0000102d      0x995 .\CortexM3\ARM_GCC_541\Debug\Design01.a(USBUART.o)
 .debug_info    0x000019c2      0xaf7 .\CortexM3\ARM_GCC_541\Debug\Design01.a(USBUART_cdc.o)
 .debug_info    0x000024b9      0x655 .\CortexM3\ARM_GCC_541\Debug\Design01.a(USBUART_drv.o)
 .debug_info    0x00002b0e      0x254 .\CortexM3\ARM_GCC_541\Debug\Design01.a(USBUART_episr.o)
 .debug_info    0x00002d62      0x2e4 .\CortexM3\ARM_GCC_541\Debug\Design01.a(USBUART_pm.o)
 .debug_info    0x00003046      0xb26 .\CortexM3\ARM_GCC_541\Debug\Design01.a(USBUART_std.o)
 .debug_info    0x00003b6c       0xed .\CortexM3\ARM_GCC_541\Debug\Design01.a(USBUART_vnd.o)
 .debug_info    0x00003c59      0x174 .\CortexM3\ARM_GCC_541\Debug\Design01.a(USBUART_Dp.o)
 .debug_info    0x00003dcd     0x1374 .\CortexM3\ARM_GCC_541\Debug\Design01.a(CyLib.o)
 .debug_info    0x00005141      0xa2a .\CortexM3\ARM_GCC_541\Debug\Design01.a(cyPm.o)
 .debug_info    0x00005b6b       0x9d .\CortexM3\ARM_GCC_541\Debug\Design01.a(CyBootAsmGnu.o)
 .debug_info    0x00005c08      0x1de .\CortexM3\ARM_GCC_541\Debug\Design01.a(USBUART_cls.o)
 .debug_info    0x00005de6      0x2a3 .\CortexM3\ARM_GCC_541\Debug\Design01.a(USBUART_descr.o)
 .debug_info    0x00006089      0x64d .\CortexM3\ARM_GCC_541\Debug\Design01.a(CyFlash.o)
 .debug_info    0x000066d6      0x550 .\CortexM3\ARM_GCC_541\Debug\Design01.a(CySpc.o)

.debug_abbrev   0x00000000     0x1ad7
 *(.debug_abbrev)
 .debug_abbrev  0x00000000      0x17f .\CortexM3\ARM_GCC_541\Debug\main.o
 .debug_abbrev  0x0000017f      0x1fe .\CortexM3\ARM_GCC_541\Debug\cyfitter_cfg.o
 .debug_abbrev  0x0000037d       0x5d .\CortexM3\ARM_GCC_541\Debug\cymetadata.o
 .debug_abbrev  0x000003da      0x1e8 .\CortexM3\ARM_GCC_541\Debug\Cm3Start.o
 .debug_abbrev  0x000005c2       0xf7 .\CortexM3\ARM_GCC_541\Debug\Design01.a(DAC.o)
 .debug_abbrev  0x000006b9      0x215 .\CortexM3\ARM_GCC_541\Debug\Design01.a(USBUART.o)
 .debug_abbrev  0x000008ce      0x245 .\CortexM3\ARM_GCC_541\Debug\Design01.a(USBUART_cdc.o)
 .debug_abbrev  0x00000b13      0x189 .\CortexM3\ARM_GCC_541\Debug\Design01.a(USBUART_drv.o)
 .debug_abbrev  0x00000c9c      0x11b .\CortexM3\ARM_GCC_541\Debug\Design01.a(USBUART_episr.o)
 .debug_abbrev  0x00000db7      0x108 .\CortexM3\ARM_GCC_541\Debug\Design01.a(USBUART_pm.o)
 .debug_abbrev  0x00000ebf      0x20a .\CortexM3\ARM_GCC_541\Debug\Design01.a(USBUART_std.o)
 .debug_abbrev  0x000010c9       0x9b .\CortexM3\ARM_GCC_541\Debug\Design01.a(USBUART_vnd.o)
 .debug_abbrev  0x00001164       0x90 .\CortexM3\ARM_GCC_541\Debug\Design01.a(USBUART_Dp.o)
 .debug_abbrev  0x000011f4      0x254 .\CortexM3\ARM_GCC_541\Debug\Design01.a(CyLib.o)
 .debug_abbrev  0x00001448      0x1ab .\CortexM3\ARM_GCC_541\Debug\Design01.a(cyPm.o)
 .debug_abbrev  0x000015f3       0x14 .\CortexM3\ARM_GCC_541\Debug\Design01.a(CyBootAsmGnu.o)
 .debug_abbrev  0x00001607       0xe1 .\CortexM3\ARM_GCC_541\Debug\Design01.a(USBUART_cls.o)
 .debug_abbrev  0x000016e8       0xb4 .\CortexM3\ARM_GCC_541\Debug\Design01.a(USBUART_descr.o)
 .debug_abbrev  0x0000179c      0x1a7 .\CortexM3\ARM_GCC_541\Debug\Design01.a(CyFlash.o)
 .debug_abbrev  0x00001943      0x194 .\CortexM3\ARM_GCC_541\Debug\Design01.a(CySpc.o)

.debug_line     0x00000000     0x295f
 *(.debug_line)
 .debug_line    0x00000000      0x2dc .\CortexM3\ARM_GCC_541\Debug\main.o
 .debug_line    0x000002dc      0x1d8 .\CortexM3\ARM_GCC_541\Debug\cyfitter_cfg.o
 .debug_line    0x000004b4      0x149 .\CortexM3\ARM_GCC_541\Debug\cymetadata.o
 .debug_line    0x000005fd      0x23c .\CortexM3\ARM_GCC_541\Debug\Cm3Start.o
 .debug_line    0x00000839       0xe0 .\CortexM3\ARM_GCC_541\Debug\Design01.a(DAC.o)
 .debug_line    0x00000919      0x2dc .\CortexM3\ARM_GCC_541\Debug\Design01.a(USBUART.o)
 .debug_line    0x00000bf5      0x2f2 .\CortexM3\ARM_GCC_541\Debug\Design01.a(USBUART_cdc.o)
 .debug_line    0x00000ee7      0x221 .\CortexM3\ARM_GCC_541\Debug\Design01.a(USBUART_drv.o)
 .debug_line    0x00001108       0xe6 .\CortexM3\ARM_GCC_541\Debug\Design01.a(USBUART_episr.o)
 .debug_line    0x000011ee      0x10e .\CortexM3\ARM_GCC_541\Debug\Design01.a(USBUART_pm.o)
 .debug_line    0x000012fc      0x3e2 .\CortexM3\ARM_GCC_541\Debug\Design01.a(USBUART_std.o)
 .debug_line    0x000016de       0x73 .\CortexM3\ARM_GCC_541\Debug\Design01.a(USBUART_vnd.o)
 .debug_line    0x00001751       0xbb .\CortexM3\ARM_GCC_541\Debug\Design01.a(USBUART_Dp.o)
 .debug_line    0x0000180c      0x816 .\CortexM3\ARM_GCC_541\Debug\Design01.a(CyLib.o)
 .debug_line    0x00002022      0x367 .\CortexM3\ARM_GCC_541\Debug\Design01.a(cyPm.o)
 .debug_line    0x00002389       0x66 .\CortexM3\ARM_GCC_541\Debug\Design01.a(CyBootAsmGnu.o)
 .debug_line    0x000023ef       0x95 .\CortexM3\ARM_GCC_541\Debug\Design01.a(USBUART_cls.o)
 .debug_line    0x00002484       0x61 .\CortexM3\ARM_GCC_541\Debug\Design01.a(USBUART_descr.o)
 .debug_line    0x000024e5      0x21a .\CortexM3\ARM_GCC_541\Debug\Design01.a(CyFlash.o)
 .debug_line    0x000026ff      0x260 .\CortexM3\ARM_GCC_541\Debug\Design01.a(CySpc.o)

.debug_frame    0x00000000     0x1f88
 *(.debug_frame)
 .debug_frame   0x00000000       0x98 .\CortexM3\ARM_GCC_541\Debug\main.o
 .debug_frame   0x00000098       0xe4 .\CortexM3\ARM_GCC_541\Debug\cyfitter_cfg.o
 .debug_frame   0x0000017c       0xb8 .\CortexM3\ARM_GCC_541\Debug\Cm3Start.o
 .debug_frame   0x00000234       0xb4 .\CortexM3\ARM_GCC_541\Debug\Design01.a(DAC.o)
 .debug_frame   0x000002e8      0x1dc .\CortexM3\ARM_GCC_541\Debug\Design01.a(USBUART.o)
 .debug_frame   0x000004c4      0x27c .\CortexM3\ARM_GCC_541\Debug\Design01.a(USBUART_cdc.o)
 .debug_frame   0x00000740      0x194 .\CortexM3\ARM_GCC_541\Debug\Design01.a(USBUART_drv.o)
 .debug_frame   0x000008d4       0x6c .\CortexM3\ARM_GCC_541\Debug\Design01.a(USBUART_episr.o)
 .debug_frame   0x00000940       0xa0 .\CortexM3\ARM_GCC_541\Debug\Design01.a(USBUART_pm.o)
 .debug_frame   0x000009e0      0x17c .\CortexM3\ARM_GCC_541\Debug\Design01.a(USBUART_std.o)
 .debug_frame   0x00000b5c       0x20 .\CortexM3\ARM_GCC_541\Debug\Design01.a(USBUART_vnd.o)
 .debug_frame   0x00000b7c       0x70 .\CortexM3\ARM_GCC_541\Debug\Design01.a(USBUART_Dp.o)
 .debug_frame   0x00000bec      0x738 .\CortexM3\ARM_GCC_541\Debug\Design01.a(CyLib.o)
 .debug_frame   0x00001324      0x1f8 .\CortexM3\ARM_GCC_541\Debug\Design01.a(cyPm.o)
 .debug_frame   0x0000151c       0x2c .\CortexM3\ARM_GCC_541\Debug\Design01.a(USBUART_cls.o)
 .debug_frame   0x00001548      0x194 .\CortexM3\ARM_GCC_541\Debug\Design01.a(CyFlash.o)
 .debug_frame   0x000016dc      0x180 .\CortexM3\ARM_GCC_541\Debug\Design01.a(CySpc.o)
 .debug_frame   0x0000185c       0x40 d:/ece software files/embededd lab/psoc creator/4.4/psoc creator/import/gnu/arm/5.4.1/bin/../lib/gcc/arm-none-eabi/5.4.1/../../../../arm-none-eabi/lib/armv7-m\libm.a(lib_a-wf_fmod.o)
 .debug_frame   0x0000189c       0x2c d:/ece software files/embededd lab/psoc creator/4.4/psoc creator/import/gnu/arm/5.4.1/bin/../lib/gcc/arm-none-eabi/5.4.1/../../../../arm-none-eabi/lib/armv7-m\libm.a(lib_a-ef_fmod.o)
 .debug_frame   0x000018c8       0x20 d:/ece software files/embededd lab/psoc creator/4.4/psoc creator/import/gnu/arm/5.4.1/bin/../lib/gcc/arm-none-eabi/5.4.1/../../../../arm-none-eabi/lib/armv7-m\libm.a(lib_a-s_matherr.o)
 .debug_frame   0x000018e8       0x20 d:/ece software files/embededd lab/psoc creator/4.4/psoc creator/import/gnu/arm/5.4.1/bin/../lib/gcc/arm-none-eabi/5.4.1/../../../../arm-none-eabi/lib/armv7-m\libg_nano.a(lib_a-errno.o)
 .debug_frame   0x00001908       0x28 d:/ece software files/embededd lab/psoc creator/4.4/psoc creator/import/gnu/arm/5.4.1/bin/../lib/gcc/arm-none-eabi/5.4.1/../../../../arm-none-eabi/lib/armv7-m\libg_nano.a(lib_a-exit.o)
 .debug_frame   0x00001930       0x2c d:/ece software files/embededd lab/psoc creator/4.4/psoc creator/import/gnu/arm/5.4.1/bin/../lib/gcc/arm-none-eabi/5.4.1/../../../../arm-none-eabi/lib/armv7-m\libg_nano.a(lib_a-init.o)
 .debug_frame   0x0000195c       0x28 d:/ece software files/embededd lab/psoc creator/4.4/psoc creator/import/gnu/arm/5.4.1/bin/../lib/gcc/arm-none-eabi/5.4.1/../../../../arm-none-eabi/lib/armv7-m\libg_nano.a(lib_a-memcpy-stub.o)
 .debug_frame   0x00001984       0x20 d:/ece software files/embededd lab/psoc creator/4.4/psoc creator/import/gnu/arm/5.4.1/bin/../lib/gcc/arm-none-eabi/5.4.1/../../../../arm-none-eabi/lib/armv7-m\libg_nano.a(lib_a-memset.o)
 .debug_frame   0x000019a4       0x8c d:/ece software files/embededd lab/psoc creator/4.4/psoc creator/import/gnu/arm/5.4.1/bin/../lib/gcc/arm-none-eabi/5.4.1/../../../../arm-none-eabi/lib/armv7-m\libg_nano.a(lib_a-nano-vfprintf_float.o)
 .debug_frame   0x00001a30       0x60 d:/ece software files/embededd lab/psoc creator/4.4/psoc creator/import/gnu/arm/5.4.1/bin/../lib/gcc/arm-none-eabi/5.4.1/../../../../arm-none-eabi/lib/armv7-m\libg_nano.a(lib_a-nano-vfprintf_i.o)
 .debug_frame   0x00001a90       0x6c d:/ece software files/embededd lab/psoc creator/4.4/psoc creator/import/gnu/arm/5.4.1/bin/../lib/gcc/arm-none-eabi/5.4.1/../../../../arm-none-eabi/lib/armv7-m\libg_nano.a(lib_a-dtoa.o)
 .debug_frame   0x00001afc       0x98 d:/ece software files/embededd lab/psoc creator/4.4/psoc creator/import/gnu/arm/5.4.1/bin/../lib/gcc/arm-none-eabi/5.4.1/../../../../arm-none-eabi/lib/armv7-m\libg_nano.a(lib_a-locale.o)
 .debug_frame   0x00001b94       0x30 d:/ece software files/embededd lab/psoc creator/4.4/psoc creator/import/gnu/arm/5.4.1/bin/../lib/gcc/arm-none-eabi/5.4.1/../../../../arm-none-eabi/lib/armv7-m\libg_nano.a(lib_a-malloc.o)
 .debug_frame   0x00001bc4       0x28 d:/ece software files/embededd lab/psoc creator/4.4/psoc creator/import/gnu/arm/5.4.1/bin/../lib/gcc/arm-none-eabi/5.4.1/../../../../arm-none-eabi/lib/armv7-m\libg_nano.a(lib_a-memchr-stub.o)
 .debug_frame   0x00001bec      0x234 d:/ece software files/embededd lab/psoc creator/4.4/psoc creator/import/gnu/arm/5.4.1/bin/../lib/gcc/arm-none-eabi/5.4.1/../../../../arm-none-eabi/lib/armv7-m\libg_nano.a(lib_a-mprec.o)
 .debug_frame   0x00001e20       0x2c d:/ece software files/embededd lab/psoc creator/4.4/psoc creator/import/gnu/arm/5.4.1/bin/../lib/gcc/arm-none-eabi/5.4.1/../../../../arm-none-eabi/lib/armv7-m\libg_nano.a(lib_a-nano-callocr.o)
 .debug_frame   0x00001e4c       0x38 d:/ece software files/embededd lab/psoc creator/4.4/psoc creator/import/gnu/arm/5.4.1/bin/../lib/gcc/arm-none-eabi/5.4.1/../../../../arm-none-eabi/lib/armv7-m\libg_nano.a(lib_a-nano-freer.o)
 .debug_frame   0x00001e84       0x2c d:/ece software files/embededd lab/psoc creator/4.4/psoc creator/import/gnu/arm/5.4.1/bin/../lib/gcc/arm-none-eabi/5.4.1/../../../../arm-none-eabi/lib/armv7-m\libg_nano.a(lib_a-nano-mallocr.o)
 .debug_frame   0x00001eb0       0x2c d:/ece software files/embededd lab/psoc creator/4.4/psoc creator/import/gnu/arm/5.4.1/bin/../lib/gcc/arm-none-eabi/5.4.1/../../../../arm-none-eabi/lib/armv7-m\libg_nano.a(lib_a-sbrkr.o)
 .debug_frame   0x00001edc       0x20 d:/ece software files/embededd lab/psoc creator/4.4/psoc creator/import/gnu/arm/5.4.1/bin/../lib/gcc/arm-none-eabi/5.4.1/../../../../arm-none-eabi/lib/armv7-m\libg_nano.a(lib_a-strcmp.o)
 .debug_frame   0x00001efc       0x30 d:/ece software files/embededd lab/psoc creator/4.4/psoc creator/import/gnu/arm/5.4.1/bin/../lib/gcc/arm-none-eabi/5.4.1/../../../../arm-none-eabi/lib/armv7-m\libg_nano.a(lib_a-mlock.o)
 .debug_frame   0x00001f2c       0x5c d:/ece software files/embededd lab/psoc creator/4.4/psoc creator/import/gnu/arm/5.4.1/bin/../lib/gcc/arm-none-eabi/5.4.1/../../../../arm-none-eabi/lib/armv7-m\libg_nano.a(lib_a-reent.o)

.debug_str      0x00000000     0x25c6
 *(.debug_str)
 .debug_str     0x00000000      0x2bd .\CortexM3\ARM_GCC_541\Debug\main.o
                                0x316 (size before relaxing)
 .debug_str     0x000002bd      0x181 .\CortexM3\ARM_GCC_541\Debug\cyfitter_cfg.o
                                0x31c (size before relaxing)
 .debug_str     0x0000043e       0x75 .\CortexM3\ARM_GCC_541\Debug\cymetadata.o
                                0x1f1 (size before relaxing)
 .debug_str     0x000004b3      0x144 .\CortexM3\ARM_GCC_541\Debug\Cm3Start.o
                                0x317 (size before relaxing)
 .debug_str     0x000005f7       0x7d .\CortexM3\ARM_GCC_541\Debug\Design01.a(DAC.o)
                                0x218 (size before relaxing)
 .debug_str     0x00000674      0x46f .\CortexM3\ARM_GCC_541\Debug\Design01.a(USBUART.o)
                                0x677 (size before relaxing)
 .debug_str     0x00000ae3      0x4fe .\CortexM3\ARM_GCC_541\Debug\Design01.a(USBUART_cdc.o)
                                0x7de (size before relaxing)
 .debug_str     0x00000fe1      0x291 .\CortexM3\ARM_GCC_541\Debug\Design01.a(USBUART_drv.o)
                                0x655 (size before relaxing)
 .debug_str     0x00001272       0x80 .\CortexM3\ARM_GCC_541\Debug\Design01.a(USBUART_episr.o)
                                0x2ec (size before relaxing)
 .debug_str     0x000012f2       0xd2 .\CortexM3\ARM_GCC_541\Debug\Design01.a(USBUART_pm.o)
                                0x2fd (size before relaxing)
 .debug_str     0x000013c4      0x270 .\CortexM3\ARM_GCC_541\Debug\Design01.a(USBUART_std.o)
                                0x7c4 (size before relaxing)
 .debug_str     0x00001634       0x25 .\CortexM3\ARM_GCC_541\Debug\Design01.a(USBUART_vnd.o)
                                0x1fa (size before relaxing)
 .debug_str     0x00001659       0xa4 .\CortexM3\ARM_GCC_541\Debug\Design01.a(USBUART_Dp.o)
                                0x24e (size before relaxing)
 .debug_str     0x000016fd      0x7db .\CortexM3\ARM_GCC_541\Debug\Design01.a(CyLib.o)
                                0xa54 (size before relaxing)
 .debug_str     0x00001ed8      0x365 .\CortexM3\ARM_GCC_541\Debug\Design01.a(cyPm.o)
                                0x740 (size before relaxing)
 .debug_str     0x0000223d       0x25 .\CortexM3\ARM_GCC_541\Debug\Design01.a(USBUART_cls.o)
                                0x2b9 (size before relaxing)
 .debug_str     0x00002262      0x104 .\CortexM3\ARM_GCC_541\Debug\Design01.a(USBUART_descr.o)
                                0x366 (size before relaxing)
 .debug_str     0x00002366      0x1b4 .\CortexM3\ARM_GCC_541\Debug\Design01.a(CyFlash.o)
                                0x3cd (size before relaxing)
 .debug_str     0x0000251a       0xac .\CortexM3\ARM_GCC_541\Debug\Design01.a(CySpc.o)
                                0x345 (size before relaxing)

.debug_loc      0x00000000     0x3481
 *(.debug_loc)
 .debug_loc     0x00000000      0x53f .\CortexM3\ARM_GCC_541\Debug\main.o
 .debug_loc     0x0000053f      0x1d7 .\CortexM3\ARM_GCC_541\Debug\cyfitter_cfg.o
 .debug_loc     0x00000716      0x144 .\CortexM3\ARM_GCC_541\Debug\Cm3Start.o
 .debug_loc     0x0000085a       0x79 .\CortexM3\ARM_GCC_541\Debug\Design01.a(DAC.o)
 .debug_loc     0x000008d3      0x3e1 .\CortexM3\ARM_GCC_541\Debug\Design01.a(USBUART.o)
 .debug_loc     0x00000cb4      0x557 .\CortexM3\ARM_GCC_541\Debug\Design01.a(USBUART_cdc.o)
 .debug_loc     0x0000120b      0x171 .\CortexM3\ARM_GCC_541\Debug\Design01.a(USBUART_drv.o)
 .debug_loc     0x0000137c       0x26 .\CortexM3\ARM_GCC_541\Debug\Design01.a(USBUART_pm.o)
 .debug_loc     0x000013a2      0x945 .\CortexM3\ARM_GCC_541\Debug\Design01.a(USBUART_std.o)
 .debug_loc     0x00001ce7       0x84 .\CortexM3\ARM_GCC_541\Debug\Design01.a(USBUART_Dp.o)
 .debug_loc     0x00001d6b      0xa11 .\CortexM3\ARM_GCC_541\Debug\Design01.a(CyLib.o)
 .debug_loc     0x0000277c      0x1e4 .\CortexM3\ARM_GCC_541\Debug\Design01.a(cyPm.o)
 .debug_loc     0x00002960       0x6a .\CortexM3\ARM_GCC_541\Debug\Design01.a(USBUART_cls.o)
 .debug_loc     0x000029ca      0x3b2 .\CortexM3\ARM_GCC_541\Debug\Design01.a(CyFlash.o)
 .debug_loc     0x00002d7c      0x705 .\CortexM3\ARM_GCC_541\Debug\Design01.a(CySpc.o)

.debug_macinfo
 *(.debug_macinfo)

.debug_ranges   0x00000000      0x858
 *(.debug_ranges)
 .debug_ranges  0x00000000       0x38 .\CortexM3\ARM_GCC_541\Debug\main.o
 .debug_ranges  0x00000038       0x48 .\CortexM3\ARM_GCC_541\Debug\cyfitter_cfg.o
 .debug_ranges  0x00000080       0x38 .\CortexM3\ARM_GCC_541\Debug\Cm3Start.o
 .debug_ranges  0x000000b8       0x48 .\CortexM3\ARM_GCC_541\Debug\Design01.a(DAC.o)
 .debug_ranges  0x00000100       0xd0 .\CortexM3\ARM_GCC_541\Debug\Design01.a(USBUART.o)
 .debug_ranges  0x000001d0       0xd8 .\CortexM3\ARM_GCC_541\Debug\Design01.a(USBUART_cdc.o)
 .debug_ranges  0x000002a8       0x88 .\CortexM3\ARM_GCC_541\Debug\Design01.a(USBUART_drv.o)
 .debug_ranges  0x00000330       0x30 .\CortexM3\ARM_GCC_541\Debug\Design01.a(USBUART_episr.o)
 .debug_ranges  0x00000360       0x30 .\CortexM3\ARM_GCC_541\Debug\Design01.a(USBUART_pm.o)
 .debug_ranges  0x00000390       0x70 .\CortexM3\ARM_GCC_541\Debug\Design01.a(USBUART_std.o)
 .debug_ranges  0x00000400       0x10 .\CortexM3\ARM_GCC_541\Debug\Design01.a(USBUART_vnd.o)
 .debug_ranges  0x00000410       0x38 .\CortexM3\ARM_GCC_541\Debug\Design01.a(USBUART_Dp.o)
 .debug_ranges  0x00000448      0x290 .\CortexM3\ARM_GCC_541\Debug\Design01.a(CyLib.o)
 .debug_ranges  0x000006d8       0x88 .\CortexM3\ARM_GCC_541\Debug\Design01.a(cyPm.o)
 .debug_ranges  0x00000760       0x10 .\CortexM3\ARM_GCC_541\Debug\Design01.a(USBUART_cls.o)
 .debug_ranges  0x00000770       0x78 .\CortexM3\ARM_GCC_541\Debug\Design01.a(CyFlash.o)
 .debug_ranges  0x000007e8       0x70 .\CortexM3\ARM_GCC_541\Debug\Design01.a(CySpc.o)

.comment        0x00000000       0x6e
 .comment       0x00000000       0x6e .\CortexM3\ARM_GCC_541\Debug\main.o
                                 0x6f (size before relaxing)
 .comment       0x0000006e       0x6f .\CortexM3\ARM_GCC_541\Debug\cyfitter_cfg.o
 .comment       0x0000006e       0x6f .\CortexM3\ARM_GCC_541\Debug\cymetadata.o
 .comment       0x0000006e       0x6f .\CortexM3\ARM_GCC_541\Debug\Cm3Start.o
 .comment       0x0000006e       0x6f .\CortexM3\ARM_GCC_541\Debug\Design01.a(DAC.o)
 .comment       0x0000006e       0x6f .\CortexM3\ARM_GCC_541\Debug\Design01.a(USBUART.o)
 .comment       0x0000006e       0x6f .\CortexM3\ARM_GCC_541\Debug\Design01.a(USBUART_cdc.o)
 .comment       0x0000006e       0x6f .\CortexM3\ARM_GCC_541\Debug\Design01.a(USBUART_drv.o)
 .comment       0x0000006e       0x6f .\CortexM3\ARM_GCC_541\Debug\Design01.a(USBUART_episr.o)
 .comment       0x0000006e       0x6f .\CortexM3\ARM_GCC_541\Debug\Design01.a(USBUART_pm.o)
 .comment       0x0000006e       0x6f .\CortexM3\ARM_GCC_541\Debug\Design01.a(USBUART_std.o)
 .comment       0x0000006e       0x6f .\CortexM3\ARM_GCC_541\Debug\Design01.a(USBUART_vnd.o)
 .comment       0x0000006e       0x6f .\CortexM3\ARM_GCC_541\Debug\Design01.a(USBUART_Dp.o)
 .comment       0x0000006e       0x6f .\CortexM3\ARM_GCC_541\Debug\Design01.a(CyLib.o)
 .comment       0x0000006e       0x6f .\CortexM3\ARM_GCC_541\Debug\Design01.a(cyPm.o)
 .comment       0x0000006e       0x6f .\CortexM3\ARM_GCC_541\Debug\Design01.a(USBUART_cls.o)
 .comment       0x0000006e       0x6f .\CortexM3\ARM_GCC_541\Debug\Design01.a(USBUART_descr.o)
 .comment       0x0000006e       0x6f .\CortexM3\ARM_GCC_541\Debug\Design01.a(CyFlash.o)
 .comment       0x0000006e       0x6f .\CortexM3\ARM_GCC_541\Debug\Design01.a(CySpc.o)

.debug_weaknames
 *(.debug_weaknames)

.debug_funcnames
 *(.debug_funcnames)

.debug_typenames
 *(.debug_typenames)

.debug_varnames
 *(.debug_varnames)

.note.gnu.arm.ident
 *(.note.gnu.arm.ident)

.ARM.attributes
                0x00000000       0x29
 *(.ARM.attributes)
 .ARM.attributes
                0x00000000       0x1d d:/ece software files/embededd lab/psoc creator/4.4/psoc creator/import/gnu/arm/5.4.1/bin/../lib/gcc/arm-none-eabi/5.4.1/armv7-m/crti.o
 .ARM.attributes
                0x0000001d       0x2d d:/ece software files/embededd lab/psoc creator/4.4/psoc creator/import/gnu/arm/5.4.1/bin/../lib/gcc/arm-none-eabi/5.4.1/armv7-m/crtbegin.o
 .ARM.attributes
                0x0000004a       0x1b d:/ece software files/embededd lab/psoc creator/4.4/psoc creator/import/gnu/arm/5.4.1/bin/../lib/gcc/arm-none-eabi/5.4.1/../../../../arm-none-eabi/lib/armv7-m/crt0.o
 .ARM.attributes
                0x00000065       0x33 .\CortexM3\ARM_GCC_541\Debug\main.o
 .ARM.attributes
                0x00000098       0x33 .\CortexM3\ARM_GCC_541\Debug\cyfitter_cfg.o
 .ARM.attributes
                0x000000cb       0x33 .\CortexM3\ARM_GCC_541\Debug\cymetadata.o
 .ARM.attributes
                0x000000fe       0x33 .\CortexM3\ARM_GCC_541\Debug\Cm3Start.o
 .ARM.attributes
                0x00000131       0x33 .\CortexM3\ARM_GCC_541\Debug\Design01.a(DAC.o)
 .ARM.attributes
                0x00000164       0x33 .\CortexM3\ARM_GCC_541\Debug\Design01.a(USBUART.o)
 .ARM.attributes
                0x00000197       0x33 .\CortexM3\ARM_GCC_541\Debug\Design01.a(USBUART_cdc.o)
 .ARM.attributes
                0x000001ca       0x33 .\CortexM3\ARM_GCC_541\Debug\Design01.a(USBUART_drv.o)
 .ARM.attributes
                0x000001fd       0x33 .\CortexM3\ARM_GCC_541\Debug\Design01.a(USBUART_episr.o)
 .ARM.attributes
                0x00000230       0x33 .\CortexM3\ARM_GCC_541\Debug\Design01.a(USBUART_pm.o)
 .ARM.attributes
                0x00000263       0x33 .\CortexM3\ARM_GCC_541\Debug\Design01.a(USBUART_std.o)
 .ARM.attributes
                0x00000296       0x33 .\CortexM3\ARM_GCC_541\Debug\Design01.a(USBUART_vnd.o)
 .ARM.attributes
                0x000002c9       0x33 .\CortexM3\ARM_GCC_541\Debug\Design01.a(USBUART_Dp.o)
 .ARM.attributes
                0x000002fc       0x33 .\CortexM3\ARM_GCC_541\Debug\Design01.a(CyLib.o)
 .ARM.attributes
                0x0000032f       0x33 .\CortexM3\ARM_GCC_541\Debug\Design01.a(cyPm.o)
 .ARM.attributes
                0x00000362       0x21 .\CortexM3\ARM_GCC_541\Debug\Design01.a(CyBootAsmGnu.o)
 .ARM.attributes
                0x00000383       0x33 .\CortexM3\ARM_GCC_541\Debug\Design01.a(USBUART_cls.o)
 .ARM.attributes
                0x000003b6       0x33 .\CortexM3\ARM_GCC_541\Debug\Design01.a(USBUART_descr.o)
 .ARM.attributes
                0x000003e9       0x33 .\CortexM3\ARM_GCC_541\Debug\Design01.a(CyFlash.o)
 .ARM.attributes
                0x0000041c       0x33 .\CortexM3\ARM_GCC_541\Debug\Design01.a(CySpc.o)
 .ARM.attributes
                0x0000044f       0x2d d:/ece software files/embededd lab/psoc creator/4.4/psoc creator/import/gnu/arm/5.4.1/bin/../lib/gcc/arm-none-eabi/5.4.1/../../../../arm-none-eabi/lib/armv7-m\libm.a(lib_a-wf_fmod.o)
 .ARM.attributes
                0x0000047c       0x2d d:/ece software files/embededd lab/psoc creator/4.4/psoc creator/import/gnu/arm/5.4.1/bin/../lib/gcc/arm-none-eabi/5.4.1/../../../../arm-none-eabi/lib/armv7-m\libm.a(lib_a-ef_fmod.o)
 .ARM.attributes
                0x000004a9       0x2d d:/ece software files/embededd lab/psoc creator/4.4/psoc creator/import/gnu/arm/5.4.1/bin/../lib/gcc/arm-none-eabi/5.4.1/../../../../arm-none-eabi/lib/armv7-m\libm.a(lib_a-s_lib_ver.o)
 .ARM.attributes
                0x000004d6       0x2d d:/ece software files/embededd lab/psoc creator/4.4/psoc creator/import/gnu/arm/5.4.1/bin/../lib/gcc/arm-none-eabi/5.4.1/../../../../arm-none-eabi/lib/armv7-m\libm.a(lib_a-s_matherr.o)
 .ARM.attributes
                0x00000503       0x1d d:/ece software files/embededd lab/psoc creator/4.4/psoc creator/import/gnu/arm/5.4.1/bin/../lib/gcc/arm-none-eabi/5.4.1/armv7-m\libgcc.a(_arm_addsubdf3.o)
 .ARM.attributes
                0x00000520       0x1d d:/ece software files/embededd lab/psoc creator/4.4/psoc creator/import/gnu/arm/5.4.1/bin/../lib/gcc/arm-none-eabi/5.4.1/armv7-m\libgcc.a(_arm_muldivdf3.o)
 .ARM.attributes
                0x0000053d       0x1d d:/ece software files/embededd lab/psoc creator/4.4/psoc creator/import/gnu/arm/5.4.1/bin/../lib/gcc/arm-none-eabi/5.4.1/armv7-m\libgcc.a(_arm_truncdfsf2.o)
 .ARM.attributes
                0x0000055a       0x1d d:/ece software files/embededd lab/psoc creator/4.4/psoc creator/import/gnu/arm/5.4.1/bin/../lib/gcc/arm-none-eabi/5.4.1/armv7-m\libgcc.a(_arm_addsubsf3.o)
 .ARM.attributes
                0x00000577       0x1d d:/ece software files/embededd lab/psoc creator/4.4/psoc creator/import/gnu/arm/5.4.1/bin/../lib/gcc/arm-none-eabi/5.4.1/armv7-m\libgcc.a(_arm_muldivsf3.o)
 .ARM.attributes
                0x00000594       0x1d d:/ece software files/embededd lab/psoc creator/4.4/psoc creator/import/gnu/arm/5.4.1/bin/../lib/gcc/arm-none-eabi/5.4.1/armv7-m\libgcc.a(_arm_cmpsf2.o)
 .ARM.attributes
                0x000005b1       0x1d d:/ece software files/embededd lab/psoc creator/4.4/psoc creator/import/gnu/arm/5.4.1/bin/../lib/gcc/arm-none-eabi/5.4.1/armv7-m\libgcc.a(_arm_unordsf2.o)
 .ARM.attributes
                0x000005ce       0x1d d:/ece software files/embededd lab/psoc creator/4.4/psoc creator/import/gnu/arm/5.4.1/bin/../lib/gcc/arm-none-eabi/5.4.1/armv7-m\libgcc.a(_arm_fixunssfsi.o)
 .ARM.attributes
                0x000005eb       0x2d d:/ece software files/embededd lab/psoc creator/4.4/psoc creator/import/gnu/arm/5.4.1/bin/../lib/gcc/arm-none-eabi/5.4.1/../../../../arm-none-eabi/lib/armv7-m\libg_nano.a(lib_a-errno.o)
 .ARM.attributes
                0x00000618       0x2d d:/ece software files/embededd lab/psoc creator/4.4/psoc creator/import/gnu/arm/5.4.1/bin/../lib/gcc/arm-none-eabi/5.4.1/../../../../arm-none-eabi/lib/armv7-m\libg_nano.a(lib_a-exit.o)
 .ARM.attributes
                0x00000645       0x2d d:/ece software files/embededd lab/psoc creator/4.4/psoc creator/import/gnu/arm/5.4.1/bin/../lib/gcc/arm-none-eabi/5.4.1/../../../../arm-none-eabi/lib/armv7-m\libg_nano.a(lib_a-impure.o)
 .ARM.attributes
                0x00000672       0x2d d:/ece software files/embededd lab/psoc creator/4.4/psoc creator/import/gnu/arm/5.4.1/bin/../lib/gcc/arm-none-eabi/5.4.1/../../../../arm-none-eabi/lib/armv7-m\libg_nano.a(lib_a-init.o)
 .ARM.attributes
                0x0000069f       0x2d d:/ece software files/embededd lab/psoc creator/4.4/psoc creator/import/gnu/arm/5.4.1/bin/../lib/gcc/arm-none-eabi/5.4.1/../../../../arm-none-eabi/lib/armv7-m\libg_nano.a(lib_a-memcpy-stub.o)
 .ARM.attributes
                0x000006cc       0x2d d:/ece software files/embededd lab/psoc creator/4.4/psoc creator/import/gnu/arm/5.4.1/bin/../lib/gcc/arm-none-eabi/5.4.1/../../../../arm-none-eabi/lib/armv7-m\libg_nano.a(lib_a-memset.o)
 .ARM.attributes
                0x000006f9       0x2d d:/ece software files/embededd lab/psoc creator/4.4/psoc creator/import/gnu/arm/5.4.1/bin/../lib/gcc/arm-none-eabi/5.4.1/../../../../arm-none-eabi/lib/armv7-m\libg_nano.a(lib_a-nano-vfprintf_float.o)
 .ARM.attributes
                0x00000726       0x2d d:/ece software files/embededd lab/psoc creator/4.4/psoc creator/import/gnu/arm/5.4.1/bin/../lib/gcc/arm-none-eabi/5.4.1/../../../../arm-none-eabi/lib/armv7-m\libg_nano.a(lib_a-nano-vfprintf_i.o)
 .ARM.attributes
                0x00000753       0x17 d:/ece software files/embededd lab/psoc creator/4.4/psoc creator/import/gnu/arm/5.4.1/bin/../lib/gcc/arm-none-eabi/5.4.1/../../../../arm-none-eabi/lib/armv7-m\libg_nano.a(lib_a-strlen.o)
 .ARM.attributes
                0x0000076a       0x2d d:/ece software files/embededd lab/psoc creator/4.4/psoc creator/import/gnu/arm/5.4.1/bin/../lib/gcc/arm-none-eabi/5.4.1/../../../../arm-none-eabi/lib/armv7-m\libg_nano.a(lib_a-dtoa.o)
 .ARM.attributes
                0x00000797       0x2d d:/ece software files/embededd lab/psoc creator/4.4/psoc creator/import/gnu/arm/5.4.1/bin/../lib/gcc/arm-none-eabi/5.4.1/../../../../arm-none-eabi/lib/armv7-m\libg_nano.a(lib_a-locale.o)
 .ARM.attributes
                0x000007c4       0x2d d:/ece software files/embededd lab/psoc creator/4.4/psoc creator/import/gnu/arm/5.4.1/bin/../lib/gcc/arm-none-eabi/5.4.1/../../../../arm-none-eabi/lib/armv7-m\libg_nano.a(lib_a-malloc.o)
 .ARM.attributes
                0x000007f1       0x2d d:/ece software files/embededd lab/psoc creator/4.4/psoc creator/import/gnu/arm/5.4.1/bin/../lib/gcc/arm-none-eabi/5.4.1/../../../../arm-none-eabi/lib/armv7-m\libg_nano.a(lib_a-memchr-stub.o)
 .ARM.attributes
                0x0000081e       0x2d d:/ece software files/embededd lab/psoc creator/4.4/psoc creator/import/gnu/arm/5.4.1/bin/../lib/gcc/arm-none-eabi/5.4.1/../../../../arm-none-eabi/lib/armv7-m\libg_nano.a(lib_a-mprec.o)
 .ARM.attributes
                0x0000084b       0x2d d:/ece software files/embededd lab/psoc creator/4.4/psoc creator/import/gnu/arm/5.4.1/bin/../lib/gcc/arm-none-eabi/5.4.1/../../../../arm-none-eabi/lib/armv7-m\libg_nano.a(lib_a-nano-callocr.o)
 .ARM.attributes
                0x00000878       0x2d d:/ece software files/embededd lab/psoc creator/4.4/psoc creator/import/gnu/arm/5.4.1/bin/../lib/gcc/arm-none-eabi/5.4.1/../../../../arm-none-eabi/lib/armv7-m\libg_nano.a(lib_a-nano-freer.o)
 .ARM.attributes
                0x000008a5       0x2d d:/ece software files/embededd lab/psoc creator/4.4/psoc creator/import/gnu/arm/5.4.1/bin/../lib/gcc/arm-none-eabi/5.4.1/../../../../arm-none-eabi/lib/armv7-m\libg_nano.a(lib_a-nano-mallocr.o)
 .ARM.attributes
                0x000008d2       0x2d d:/ece software files/embededd lab/psoc creator/4.4/psoc creator/import/gnu/arm/5.4.1/bin/../lib/gcc/arm-none-eabi/5.4.1/../../../../arm-none-eabi/lib/armv7-m\libg_nano.a(lib_a-sbrkr.o)
 .ARM.attributes
                0x000008ff       0x1b d:/ece software files/embededd lab/psoc creator/4.4/psoc creator/import/gnu/arm/5.4.1/bin/../lib/gcc/arm-none-eabi/5.4.1/../../../../arm-none-eabi/lib/armv7-m\libg_nano.a(lib_a-strcmp.o)
 .ARM.attributes
                0x0000091a       0x2d d:/ece software files/embededd lab/psoc creator/4.4/psoc creator/import/gnu/arm/5.4.1/bin/../lib/gcc/arm-none-eabi/5.4.1/../../../../arm-none-eabi/lib/armv7-m\libg_nano.a(lib_a-mlock.o)
 .ARM.attributes
                0x00000947       0x2d d:/ece software files/embededd lab/psoc creator/4.4/psoc creator/import/gnu/arm/5.4.1/bin/../lib/gcc/arm-none-eabi/5.4.1/../../../../arm-none-eabi/lib/armv7-m\libg_nano.a(lib_a-reent.o)
 .ARM.attributes
                0x00000974       0x1d d:/ece software files/embededd lab/psoc creator/4.4/psoc creator/import/gnu/arm/5.4.1/bin/../lib/gcc/arm-none-eabi/5.4.1/armv7-m\libgcc.a(_arm_cmpdf2.o)
 .ARM.attributes
                0x00000991       0x1d d:/ece software files/embededd lab/psoc creator/4.4/psoc creator/import/gnu/arm/5.4.1/bin/../lib/gcc/arm-none-eabi/5.4.1/armv7-m\libgcc.a(_arm_unorddf2.o)
 .ARM.attributes
                0x000009ae       0x1d d:/ece software files/embededd lab/psoc creator/4.4/psoc creator/import/gnu/arm/5.4.1/bin/../lib/gcc/arm-none-eabi/5.4.1/armv7-m\libgcc.a(_arm_fixdfsi.o)
 .ARM.attributes
                0x000009cb       0x2d d:/ece software files/embededd lab/psoc creator/4.4/psoc creator/import/gnu/arm/5.4.1/bin/../lib/gcc/arm-none-eabi/5.4.1/armv7-m/crtend.o
 .ARM.attributes
                0x000009f8       0x1d d:/ece software files/embededd lab/psoc creator/4.4/psoc creator/import/gnu/arm/5.4.1/bin/../lib/gcc/arm-none-eabi/5.4.1/armv7-m/crtn.o

/DISCARD/
 *(.note.GNU-stack)
OUTPUT(D:\ECE software files\Embededd lab\psoc lab files\try3workspace\Design01.cydsn\CortexM3\ARM_GCC_541\Debug\Design01.elf elf32-littlearm)
